###############################################################################
#
# IAR ELF Linker V7.30.4.8167/W32 for ARM                 19/Aug/2017  18:05:45
# Copyright 2007-2014 IAR Systems AB.
#
#    Output file  =  
#        F:\斯达迪\freescale\【验证及调试】\“暗湧六號D”\Dark_River\Prj\IAR\DZ10_Debug\Exe\vcan_Kinetis.out
#    Map file     =  
#        F:\斯达迪\freescale\【验证及调试】\“暗湧六號D”\Dark_River\Prj\IAR\DZ10_Debug\List\vcan_Kinetis.map
#    Command line =  
#        F:\斯达迪\freescale\【验证及调试】\“暗湧六號D”\Dark_River\Prj\IAR\DZ10_Debug\Obj\8700_2100.o
#        F:\斯达迪\freescale\【验证及调试】\“暗湧六號D”\Dark_River\Prj\IAR\DZ10_Debug\Obj\Car_Control.o
#        F:\斯达迪\freescale\【验证及调试】\“暗湧六號D”\Dark_River\Prj\IAR\DZ10_Debug\Obj\diskio.o
#        F:\斯达迪\freescale\【验证及调试】\“暗湧六號D”\Dark_River\Prj\IAR\DZ10_Debug\Obj\ff.o
#        F:\斯达迪\freescale\【验证及调试】\“暗湧六號D”\Dark_River\Prj\IAR\DZ10_Debug\Obj\fuzzy.o
#        F:\斯达迪\freescale\【验证及调试】\“暗湧六號D”\Dark_River\Prj\IAR\DZ10_Debug\Obj\get_midline.o
#        F:\斯达迪\freescale\【验证及调试】\“暗湧六號D”\Dark_River\Prj\IAR\DZ10_Debug\Obj\IIC_Sim.o
#        F:\斯达迪\freescale\【验证及调试】\“暗湧六號D”\Dark_River\Prj\IAR\DZ10_Debug\Obj\Key.o
#        F:\斯达迪\freescale\【验证及调试】\“暗湧六號D”\Dark_River\Prj\IAR\DZ10_Debug\Obj\main.o
#        F:\斯达迪\freescale\【验证及调试】\“暗湧六號D”\Dark_River\Prj\IAR\DZ10_Debug\Obj\misc.o
#        F:\斯达迪\freescale\【验证及调试】\“暗湧六號D”\Dark_River\Prj\IAR\DZ10_Debug\Obj\MK60_adc.o
#        F:\斯达迪\freescale\【验证及调试】\“暗湧六號D”\Dark_River\Prj\IAR\DZ10_Debug\Obj\MK60_can.o
#        F:\斯达迪\freescale\【验证及调试】\“暗湧六號D”\Dark_River\Prj\IAR\DZ10_Debug\Obj\MK60_conf.o
#        F:\斯达迪\freescale\【验证及调试】\“暗湧六號D”\Dark_River\Prj\IAR\DZ10_Debug\Obj\MK60_dac.o
#        F:\斯达迪\freescale\【验证及调试】\“暗湧六號D”\Dark_River\Prj\IAR\DZ10_Debug\Obj\MK60_dma.o
#        F:\斯达迪\freescale\【验证及调试】\“暗湧六號D”\Dark_River\Prj\IAR\DZ10_Debug\Obj\MK60_DWT.o
#        F:\斯达迪\freescale\【验证及调试】\“暗湧六號D”\Dark_River\Prj\IAR\DZ10_Debug\Obj\MK60_flash.o
#        F:\斯达迪\freescale\【验证及调试】\“暗湧六號D”\Dark_River\Prj\IAR\DZ10_Debug\Obj\MK60_flexbus.o
#        F:\斯达迪\freescale\【验证及调试】\“暗湧六號D”\Dark_River\Prj\IAR\DZ10_Debug\Obj\MK60_ftm.o
#        F:\斯达迪\freescale\【验证及调试】\“暗湧六號D”\Dark_River\Prj\IAR\DZ10_Debug\Obj\MK60_gpio.o
#        F:\斯达迪\freescale\【验证及调试】\“暗湧六號D”\Dark_River\Prj\IAR\DZ10_Debug\Obj\MK60_i2c.o
#        F:\斯达迪\freescale\【验证及调试】\“暗湧六號D”\Dark_River\Prj\IAR\DZ10_Debug\Obj\MK60_it.o
#        F:\斯达迪\freescale\【验证及调试】\“暗湧六號D”\Dark_River\Prj\IAR\DZ10_Debug\Obj\MK60_lptmr.o
#        F:\斯达迪\freescale\【验证及调试】\“暗湧六號D”\Dark_River\Prj\IAR\DZ10_Debug\Obj\MK60_mcg.o
#        F:\斯达迪\freescale\【验证及调试】\“暗湧六號D”\Dark_River\Prj\IAR\DZ10_Debug\Obj\MK60_PIT.o
#        F:\斯达迪\freescale\【验证及调试】\“暗湧六號D”\Dark_River\Prj\IAR\DZ10_Debug\Obj\MK60_port.o
#        F:\斯达迪\freescale\【验证及调试】\“暗湧六號D”\Dark_River\Prj\IAR\DZ10_Debug\Obj\MK60_rtc.o
#        F:\斯达迪\freescale\【验证及调试】\“暗湧六號D”\Dark_River\Prj\IAR\DZ10_Debug\Obj\MK60_sdhc.o
#        F:\斯达迪\freescale\【验证及调试】\“暗湧六號D”\Dark_River\Prj\IAR\DZ10_Debug\Obj\MK60_spi.o
#        F:\斯达迪\freescale\【验证及调试】\“暗湧六號D”\Dark_River\Prj\IAR\DZ10_Debug\Obj\MK60_SysTick.o
#        F:\斯达迪\freescale\【验证及调试】\“暗湧六號D”\Dark_River\Prj\IAR\DZ10_Debug\Obj\MK60_uart.o
#        F:\斯达迪\freescale\【验证及调试】\“暗湧六號D”\Dark_River\Prj\IAR\DZ10_Debug\Obj\MK60_usb.o
#        F:\斯达迪\freescale\【验证及调试】\“暗湧六號D”\Dark_River\Prj\IAR\DZ10_Debug\Obj\MK60_wdog.o
#        F:\斯达迪\freescale\【验证及调试】\“暗湧六號D”\Dark_River\Prj\IAR\DZ10_Debug\Obj\Serial_oscilloscope.o
#        F:\斯达迪\freescale\【验证及调试】\“暗湧六號D”\Dark_River\Prj\IAR\DZ10_Debug\Obj\startup_MK60DZ10.o
#        F:\斯达迪\freescale\【验证及调试】\“暗湧六號D”\Dark_River\Prj\IAR\DZ10_Debug\Obj\system_MK60DZ10.o
#        F:\斯达迪\freescale\【验证及调试】\“暗湧六號D”\Dark_River\Prj\IAR\DZ10_Debug\Obj\USB.o
#        F:\斯达迪\freescale\【验证及调试】\“暗湧六號D”\Dark_River\Prj\IAR\DZ10_Debug\Obj\USB_CDC.o
#        F:\斯达迪\freescale\【验证及调试】\“暗湧六號D”\Dark_River\Prj\IAR\DZ10_Debug\Obj\VCAN_ASCII.o
#        F:\斯达迪\freescale\【验证及调试】\“暗湧六號D”\Dark_River\Prj\IAR\DZ10_Debug\Obj\VCAN_BMP.o
#        F:\斯达迪\freescale\【验证及调试】\“暗湧六號D”\Dark_River\Prj\IAR\DZ10_Debug\Obj\VCAN_camera.o
#        F:\斯达迪\freescale\【验证及调试】\“暗湧六號D”\Dark_River\Prj\IAR\DZ10_Debug\Obj\VCAN_computer.o
#        F:\斯达迪\freescale\【验证及调试】\“暗湧六號D”\Dark_River\Prj\IAR\DZ10_Debug\Obj\vcan_img2sd.o
#        F:\斯达迪\freescale\【验证及调试】\“暗湧六號D”\Dark_River\Prj\IAR\DZ10_Debug\Obj\VCAN_key.o
#        F:\斯达迪\freescale\【验证及调试】\“暗湧六號D”\Dark_River\Prj\IAR\DZ10_Debug\Obj\VCAN_key_event.o
#        F:\斯达迪\freescale\【验证及调试】\“暗湧六號D”\Dark_River\Prj\IAR\DZ10_Debug\Obj\VCAN_LCD.o
#        F:\斯达迪\freescale\【验证及调试】\“暗湧六號D”\Dark_River\Prj\IAR\DZ10_Debug\Obj\VCAN_LCD_CH.o
#        F:\斯达迪\freescale\【验证及调试】\“暗湧六號D”\Dark_River\Prj\IAR\DZ10_Debug\Obj\VCAN_LCD_ILI9341.o
#        F:\斯达迪\freescale\【验证及调试】\“暗湧六號D”\Dark_River\Prj\IAR\DZ10_Debug\Obj\VCAN_LCD_ST7735R.o
#        F:\斯达迪\freescale\【验证及调试】\“暗湧六號D”\Dark_River\Prj\IAR\DZ10_Debug\Obj\VCAN_LCD_ST7735S.o
#        F:\斯达迪\freescale\【验证及调试】\“暗湧六號D”\Dark_River\Prj\IAR\DZ10_Debug\Obj\VCAN_LED.o
#        F:\斯达迪\freescale\【验证及调试】\“暗湧六號D”\Dark_River\Prj\IAR\DZ10_Debug\Obj\VCAN_MMA7455.o
#        F:\斯达迪\freescale\【验证及调试】\“暗湧六號D”\Dark_River\Prj\IAR\DZ10_Debug\Obj\VCAN_NRF24L0.o
#        F:\斯达迪\freescale\【验证及调试】\“暗湧六號D”\Dark_River\Prj\IAR\DZ10_Debug\Obj\VCAN_NRF24L0_MSG.o
#        F:\斯达迪\freescale\【验证及调试】\“暗湧六號D”\Dark_River\Prj\IAR\DZ10_Debug\Obj\VCAN_OV7725_Eagle.o
#        F:\斯达迪\freescale\【验证及调试】\“暗湧六號D”\Dark_River\Prj\IAR\DZ10_Debug\Obj\VCAN_OV7725_Wolf.o
#        F:\斯达迪\freescale\【验证及调试】\“暗湧六號D”\Dark_River\Prj\IAR\DZ10_Debug\Obj\VCAN_RTC_count.o
#        F:\斯达迪\freescale\【验证及调试】\“暗湧六號D”\Dark_River\Prj\IAR\DZ10_Debug\Obj\VCAN_SCCB.o
#        F:\斯达迪\freescale\【验证及调试】\“暗湧六號D”\Dark_River\Prj\IAR\DZ10_Debug\Obj\vcan_sd_app.o
#        F:\斯达迪\freescale\【验证及调试】\“暗湧六號D”\Dark_River\Prj\IAR\DZ10_Debug\Obj\Vcan_touch.o
#        F:\斯达迪\freescale\【验证及调试】\“暗湧六號D”\Dark_River\Prj\IAR\DZ10_Debug\Obj\VCAN_TSL1401.o
#        F:\斯达迪\freescale\【验证及调试】\“暗湧六號D”\Dark_River\Prj\IAR\DZ10_Debug\Obj\VCAN_UI_VAR.o
#        F:\斯达迪\freescale\【验证及调试】\“暗湧六號D”\Dark_River\Prj\IAR\DZ10_Debug\Obj\vectors.o
#        --redirect _Printf=_PrintfLargeNoMb --redirect _Scanf=_ScanfLargeNoMb
#        -o
#        F:\斯达迪\freescale\【验证及调试】\“暗湧六號D”\Dark_River\Prj\IAR\DZ10_Debug\Exe\vcan_Kinetis.out
#        --map
#        F:\斯达迪\freescale\【验证及调试】\“暗湧六號D”\Dark_River\Prj\IAR\DZ10_Debug\List\vcan_Kinetis.map
#        --config
#        "F:\斯达迪\freescale\【验证及调试】\“暗湧六號D”\Dark_River\Prj\IAR\config
#        files\vcan_ROM_K60N512.icf"
#        F:\斯达迪\freescale\【验证及调试】\“暗湧六號D”\Dark_River\Prj\IAR\..\..\Lib\CMSIS\iar_cortexM4l_math.a
#        --entry __iar_program_start --vfe
#
###############################################################################

*******************************************************************************
*** RUNTIME MODEL ATTRIBUTES
***

CppFlavor       = *
__SystemLibrary = DLib


*******************************************************************************
*** PLACEMENT SUMMARY
***

"A1":  place at 0x00000000 { ro section .intvec };
"A2":  place at 0x00000410 { ro section .noinit };
"P1":  place in [from 0x00000000 to 0x00080000] { ro, block CodeRelocate };
"P2":  place in [from 0x1fff0410 to 0x20010000] {
          rw, block CodeRelocateRam, block CSTACK, block HEAP };

  Section              Kind        Address    Size  Object
  -------              ----        -------    ----  ------
"A1":                                        0x410
  .intvec              const    0x00000000   0x410  vectors.o [1]
                              - 0x00000410   0x410

"A2":                                          0x8
  .noinit              ro code  0x00000410     0x8  startup_MK60DZ10.o [1]
                              - 0x00000418     0x8

"P1":                                       0xf120
  .text                ro code  0x00000418  0x4ca8  get_midline.o [1]
  .text                ro code  0x000050c0    0x30  I32ToDbl.o [4]
  .text                ro code  0x000050f0    0xe8  DblAdd.o [4]
  .text                ro code  0x000051d8    0x58  DblToI32.o [4]
  .text                ro code  0x00005230    0x32  I32ToFlt.o [4]
  .text                ro code  0x00005262    0x22  zero_init3.o [5]
  .text                ro code  0x00005284    0xfc  FltDiv.o [4]
  .text                ro code  0x00005380    0xd8  FltMul.o [4]
  .text                ro code  0x00005458    0xe6  FltSub.o [4]
  .rodata              const    0x0000553e     0x2  VCAN_camera.o [1]
  .text                ro code  0x00005540    0x84  FltAdd.o [4]
  .text                ro code  0x000055c4    0x44  FltToS32.o [4]
  .text                ro code  0x00005608    0x4e  FltToDbl.o [4]
  .text                ro code  0x00005658    0x90  DblToFlt.o [4]
  .text                ro code  0x000056e8   0x1a2  DblMul.o [4]
  .text                ro code  0x0000588c    0x24  FltCmpGe.o [4]
  .text                ro code  0x000058b0    0x24  FltCmpLe.o [4]
  .text                ro code  0x000058d4     0x8  abs.o [3]
  .text                ro code  0x000058dc   0x1a4  MK60_gpio.o [1]
  .text                ro code  0x00005a80    0x2e  DblCmpLe.o [4]
  .text                ro code  0x00005ab0   0x180  DblSub.o [4]
  .text                ro code  0x00005c30    0xb0  MK60_port.o [1]
  Veneer               ro code  0x00005ce0     0x8  - Linker created -
  Veneer               ro code  0x00005ce8     0x8  - Linker created -
  .text                ro code  0x00005cf0   0x13c  MK60_conf.o [1]
  .text                ro code  0x00005e2c   0x268  MK60_uart.o [1]
  .text                ro code  0x00006094    0x64  MK60_SysTick.o [1]
  .text                ro code  0x000060f8    0x9c  VCAN_key.o [1]
  .text                ro code  0x00006194    0x70  VCAN_LED.o [1]
  .text                ro code  0x00006204    0x24  printf.o [3]
  .text                ro code  0x00006228   0xbee  xprintflarge_nomb.o [3]
  .text                ro code  0x00006e18    0x16  strchr.o [5]
  .text                ro code  0x00006e30    0x36  strlen.o [5]
  .text                ro code  0x00006e68    0x58  memchr.o [5]
  .text                ro code  0x00006ec0    0xee  I64DivMod.o [5]
  .text                ro code  0x00006fb0    0x76  ABImemcpy_unaligned.o [5]
  .text                ro code  0x00007026    0x42  xdnorm.o [4]
  .text                ro code  0x00007068   0x246  DblDiv.o [4]
  .text                ro code  0x000072b0    0x6c  localeconv.o [3]
  .text                ro code  0x0000731c     0xe  div.o [3]
  .text                ro code  0x0000732c     0x2  I64DivZer.o [5]
  .text                ro code  0x0000732e     0x2  xtls.o [3]
  .text                ro code  0x00007330  0x2874  Key.o [1]
  .text                ro code  0x00009ba4   0x9bc  VCAN_LCD.o [1]
  .text                ro code  0x0000a560   0x234  VCAN_OV7725_Eagle.o [1]
  .text                ro code  0x0000a794    0x94  VCAN_camera.o [1]
  .text                ro code  0x0000a828  0x13fc  Car_Control.o [1]
  .text                ro code  0x0000bc24   0x284  MK60_dma.o [1]
  .text                ro code  0x0000bea8   0x362  VCAN_SCCB.o [1]
  .text                ro code  0x0000c20a    0x7a  8700_2100.o [1]
  .text                ro code  0x0000c284    0xec  Serial_oscilloscope.o [1]
  .text                ro code  0x0000c370    0x2e  DblCmpGe.o [4]
  .text                ro code  0x0000c3a0    0xf6  asin.o [4]
  .text                ro code  0x0000c498   0x500  MK60_ftm.o [1]
  .text                ro code  0x0000c998    0x24  FltToU32.o [4]
  .text                ro code  0x0000c9bc    0x1c  FltCmpEq.o [4]
  .text                ro code  0x0000c9d8   0x154  fuzzy.o [1]
  .text                ro code  0x0000cb2c   0x440  MK60_i2c.o [1]
  .text                ro code  0x0000cf6c    0xf0  sqrt.o [4]
  .rodata              const    0x0000d05c    0x54  MK60_flash.o [1]
  .text                ro code  0x0000d0b0   0x1e0  xatan.o [4]
  .text                ro code  0x0000d290     0xc  errno.o [3]
  .text                ro code  0x0000d29c     0xc  iarEdom.o [5]
  .data_init                    0x0000d2a8   0xd78  <Block>
    Initializer bytes  const    0x0000d2a8   0xd78  <for .data-1>
  Veneer               ro code  0x0000e020     0x8  - Linker created -
  .text                ro code  0x0000e028   0x3c8  MK60_mcg.o [1]
  .text                ro code  0x0000e3f0   0x394  main.o [1]
  .text                ro code  0x0000e784    0x50  misc.o [1]
  .rodata              const    0x0000e7d4   0x228  VCAN_LCD.o [1]
  CodeRelocate                  0x0000e9fc   0x1c8  <Block>
    Initializer bytes  const    0x0000e9fc   0x1c8  <for CodeRelocateRam-1>
  .text                ro code  0x0000ebc4   0x130  system_MK60DZ10.o [1]
  .text                ro code  0x0000ecf4    0x40  MK60_wdog.o [1]
  .rodata              const    0x0000ed34   0x118  VCAN_LCD.o [1]
  .rodata              const    0x0000ee4c    0x80  MK60_i2c.o [1]
  .rodata              const    0x0000eecc    0x54  MK60_gpio.o [1]
  .rodata              const    0x0000ef20    0x54  MK60_SysTick.o [1]
  .rodata              const    0x0000ef74    0x54  MK60_uart.o [1]
  .rodata              const    0x0000efc8    0x50  MK60_dma.o [1]
  .rodata              const    0x0000f018    0x50  MK60_ftm.o [1]
  .rodata              const    0x0000f068    0x50  MK60_i2c.o [1]
  .rodata              const    0x0000f0b8    0x4c  misc.o [1]
  .rodata              const    0x0000f104    0x3c  MK60_conf.o [1]
  .text                ro code  0x0000f140    0x28  data_init.o [5]
  .rodata              const    0x0000f168    0x24  VCAN_OV7725_Eagle.o [1]
  .rodata              const    0x0000f18c    0x24  VCAN_OV7725_Eagle.o [1]
  .iar.init_table      const    0x0000f1b0    0x10  - Linker created -
  .rodata              const    0x0000f1c0    0x20  MK60_conf.o [1]
  .rodata              const    0x0000f1e0    0x20  VCAN_OV7725_Eagle.o [1]
  .rodata              const    0x0000f200    0x1c  VCAN_LCD.o [1]
  .text                ro code  0x0000f21c    0x1a  cmain.o [5]
  .text                ro code  0x0000f236     0x4  low_level_init.o [3]
  .text                ro code  0x0000f23a     0x4  exit.o [3]
  .text                ro code  0x0000f240     0xa  cexit.o [5]
  .text                ro code  0x0000f24c     0xc  XXexit.o [5]
  .rodata              const    0x0000f258    0x18  VCAN_OV7725_Eagle.o [1]
  .rodata              const    0x0000f270    0x18  VCAN_OV7725_Eagle.o [1]
  .text                ro code  0x0000f288    0x16  xprout.o [3]
  .text                ro code  0x0000f2a0     0xc  putchar.o [3]
  .rodata              const    0x0000f2ac    0x14  MK60_conf.o [1]
  .rodata              const    0x0000f2c0    0x14  VCAN_OV7725_Eagle.o [1]
  .rodata              const    0x0000f2d4    0x10  Key.o [1]
  .rodata              const    0x0000f2e4    0x10  Key.o [1]
  .rodata              const    0x0000f2f4    0x10  Key.o [1]
  .rodata              const    0x0000f304    0x10  Key.o [1]
  .rodata              const    0x0000f314    0x10  Key.o [1]
  .rodata              const    0x0000f324    0x10  Key.o [1]
  .rodata              const    0x0000f334    0x10  Key.o [1]
  .rodata              const    0x0000f344    0x10  Key.o [1]
  .rodata              const    0x0000f354    0x10  Key.o [1]
  .rodata              const    0x0000f364    0x10  Key.o [1]
  .rodata              const    0x0000f374    0x10  Key.o [1]
  .rodata              const    0x0000f384    0x10  Key.o [1]
  .rodata              const    0x0000f394    0x10  Key.o [1]
  .rodata              const    0x0000f3a4    0x10  Key.o [1]
  .rodata              const    0x0000f3b4    0x10  Key.o [1]
  .rodata              const    0x0000f3c4    0x10  Key.o [1]
  .rodata              const    0x0000f3d4    0x10  Key.o [1]
  .rodata              const    0x0000f3e4    0x10  Key.o [1]
  .rodata              const    0x0000f3f4    0x10  Key.o [1]
  .rodata              const    0x0000f404    0x10  Key.o [1]
  .rodata              const    0x0000f414     0xc  Key.o [1]
  .rodata              const    0x0000f420     0xc  Key.o [1]
  .rodata              const    0x0000f42c     0xc  Key.o [1]
  .text                ro code  0x0000f438     0xc  cstartup_M.o [5]
  .rodata              const    0x0000f444     0x8  Key.o [1]
  .rodata              const    0x0000f44c     0x8  Key.o [1]
  .rodata              const    0x0000f454     0x8  Key.o [1]
  .rodata              const    0x0000f45c     0x8  Key.o [1]
  .rodata              const    0x0000f464     0x8  Key.o [1]
  .rodata              const    0x0000f46c     0x8  Key.o [1]
  .rodata              const    0x0000f474     0x8  Key.o [1]
  .rodata              const    0x0000f47c     0x8  Key.o [1]
  .rodata              const    0x0000f484     0x8  Key.o [1]
  .rodata              const    0x0000f48c     0x8  Key.o [1]
  .rodata              const    0x0000f494     0x8  Key.o [1]
  .rodata              const    0x0000f49c     0x8  MK60_conf.o [1]
  .rodata              const    0x0000f4a4     0x8  VCAN_LCD.o [1]
  .rodata              const    0x0000f4ac     0x0  zero_init3.o [5]
  Initializer bytes    const    0x0000f4ac    0x8c  <for P2 s0>
                              - 0x0000f538  0xf120

"P2":                                       0x3184
  .data                         0x1fff0410   0xd78  <Block>
    .data-1                     0x1fff0410   0xd78  <Init block>
      .data            inited   0x1fff0410     0x4  Car_Control.o [1]
      .data            inited   0x1fff0414     0x4  Car_Control.o [1]
      .data            inited   0x1fff0418     0x4  Car_Control.o [1]
      .data            inited   0x1fff041c     0x4  Car_Control.o [1]
      .data            inited   0x1fff0420     0x4  Car_Control.o [1]
      .data            inited   0x1fff0424     0x4  Car_Control.o [1]
      .data            inited   0x1fff0428     0x4  Car_Control.o [1]
      .data            inited   0x1fff042c     0x4  Car_Control.o [1]
      .data            inited   0x1fff0430     0x4  Car_Control.o [1]
      .data            inited   0x1fff0434     0x4  Car_Control.o [1]
      .data            inited   0x1fff0438     0x4  Car_Control.o [1]
      .data            inited   0x1fff043c     0x4  Car_Control.o [1]
      .data            inited   0x1fff0440     0x4  Car_Control.o [1]
      .data            inited   0x1fff0444     0x2  Car_Control.o [1]
      .data            inited   0x1fff0446     0x2  Car_Control.o [1]
      .data            inited   0x1fff0448     0x4  Car_Control.o [1]
      .data            inited   0x1fff044c     0x4  Car_Control.o [1]
      .data            inited   0x1fff0450     0x2  fuzzy.o [1]
      .data            inited   0x1fff0452     0x2  fuzzy.o [1]
      .data            inited   0x1fff0454     0x2  fuzzy.o [1]
      .data            inited   0x1fff0458     0x4  fuzzy.o [1]
      .data            inited   0x1fff045c     0x2  get_midline.o [1]
      .data            inited   0x1fff045e     0x2  get_midline.o [1]
      .data            inited   0x1fff0460     0x2  get_midline.o [1]
      .data            inited   0x1fff0462     0x2  get_midline.o [1]
      .data            inited   0x1fff0464     0x2  get_midline.o [1]
      .data            inited   0x1fff0466     0x2  get_midline.o [1]
      .data            inited   0x1fff0468     0x2  get_midline.o [1]
      .data            inited   0x1fff046a     0x2  get_midline.o [1]
      .data            inited   0x1fff046c     0x2  get_midline.o [1]
      .data            inited   0x1fff046e     0x2  get_midline.o [1]
      .data            inited   0x1fff0470     0x2  get_midline.o [1]
      .data            inited   0x1fff0472     0x2  get_midline.o [1]
      .data            inited   0x1fff0474    0xf0  get_midline.o [1]
      .data            inited   0x1fff0564    0xf0  get_midline.o [1]
      .data            inited   0x1fff0654    0xf0  get_midline.o [1]
      .data            inited   0x1fff0744    0xf0  get_midline.o [1]
      .data            inited   0x1fff0834    0xf0  get_midline.o [1]
      .data            inited   0x1fff0924     0x4  Key.o [1]
      .data            inited   0x1fff0928     0x1  Key.o [1]
      .data            inited   0x1fff0929     0x1  Key.o [1]
      .data            inited   0x1fff092a     0x1  main.o [1]
      .data            inited   0x1fff092c   0x708  MK60_conf.o [1]
      .data            inited   0x1fff1034     0xc  MK60_ftm.o [1]
      .data            inited   0x1fff1040    0x14  MK60_gpio.o [1]
      .data            inited   0x1fff1054     0x8  MK60_i2c.o [1]
      .data            inited   0x1fff105c    0x44  MK60_mcg.o [1]
      .data            inited   0x1fff10a0     0x4  MK60_mcg.o [1]
      .data            inited   0x1fff10a4    0x14  MK60_port.o [1]
      .data            inited   0x1fff10b8    0x18  MK60_uart.o [1]
      .data            inited   0x1fff10d0     0x8  VCAN_key.o [1]
      .data            inited   0x1fff10d8     0x4  VCAN_LED.o [1]
      .data            inited   0x1fff10dc     0x1  VCAN_OV7725_Eagle.o [1]
      .data            inited   0x1fff10e0    0x64  VCAN_OV7725_Eagle.o [1]
      .data            inited   0x1fff1144     0x1  VCAN_OV7725_Eagle.o [1]
      .data            inited   0x1fff1148    0x40  xfiles.o [3]
  CodeRelocateRam               0x1fff1188   0x1c8  <Block>
    CodeRelocateRam-1           0x1fff1188   0x1c8  <Init block>
      Veneer           inited   0x1fff1188     0x8  - Linker created -
      Veneer           inited   0x1fff1190     0x8  - Linker created -
      .textrw          inited   0x1fff1198   0x168  MK60_flash.o [1]
      .textrw          inited   0x1fff1300    0x50  MK60_mcg.o [1]
  .bss                          0x1fff1350  0x21b8  <Block>
    .bss               zero     0x1fff1350     0x8  Car_Control.o [1]
    .bss               zero     0x1fff1358     0x8  Car_Control.o [1]
    .bss               zero     0x1fff1360     0x8  Car_Control.o [1]
    .bss               zero     0x1fff1368     0x4  Car_Control.o [1]
    .bss               zero     0x1fff136c     0x4  Car_Control.o [1]
    .bss               zero     0x1fff1370     0x4  Car_Control.o [1]
    .bss               zero     0x1fff1374     0x4  Car_Control.o [1]
    .bss               zero     0x1fff1378     0x4  Car_Control.o [1]
    .bss               zero     0x1fff137c     0x4  Car_Control.o [1]
    .bss               zero     0x1fff1380     0x4  Car_Control.o [1]
    .bss               zero     0x1fff1384     0x4  Car_Control.o [1]
    .bss               zero     0x1fff1388     0x4  Car_Control.o [1]
    .bss               zero     0x1fff138c     0x4  Car_Control.o [1]
    .bss               zero     0x1fff1390     0x4  Car_Control.o [1]
    .bss               zero     0x1fff1394     0x4  Car_Control.o [1]
    .bss               zero     0x1fff1398     0x4  Car_Control.o [1]
    .bss               zero     0x1fff139c     0x4  Car_Control.o [1]
    .bss               zero     0x1fff13a0     0x4  Car_Control.o [1]
    .bss               zero     0x1fff13a4     0x4  Car_Control.o [1]
    .bss               zero     0x1fff13a8     0x4  Car_Control.o [1]
    .bss               zero     0x1fff13ac     0x4  Car_Control.o [1]
    .bss               zero     0x1fff13b0     0x4  Car_Control.o [1]
    .bss               zero     0x1fff13b4     0x4  Car_Control.o [1]
    .bss               zero     0x1fff13b8     0x4  Car_Control.o [1]
    .bss               zero     0x1fff13bc     0x4  Car_Control.o [1]
    .bss               zero     0x1fff13c0     0x4  Car_Control.o [1]
    .bss               zero     0x1fff13c4     0x4  Car_Control.o [1]
    .bss               zero     0x1fff13c8     0x4  Car_Control.o [1]
    .bss               zero     0x1fff13cc     0x4  Car_Control.o [1]
    .bss               zero     0x1fff13d0     0x4  Car_Control.o [1]
    .bss               zero     0x1fff13d4     0x4  Car_Control.o [1]
    .bss               zero     0x1fff13d8     0x4  Car_Control.o [1]
    .bss               zero     0x1fff13dc     0x4  Car_Control.o [1]
    .bss               zero     0x1fff13e0     0x4  Car_Control.o [1]
    .bss               zero     0x1fff13e4     0x4  Car_Control.o [1]
    .bss               zero     0x1fff13e8     0x4  Car_Control.o [1]
    .bss               zero     0x1fff13ec     0x4  Car_Control.o [1]
    .bss               zero     0x1fff13f0     0x4  Car_Control.o [1]
    .bss               zero     0x1fff13f4     0x4  Car_Control.o [1]
    .bss               zero     0x1fff13f8     0x4  Car_Control.o [1]
    .bss               zero     0x1fff13fc     0x4  Car_Control.o [1]
    .bss               zero     0x1fff1400     0x4  Car_Control.o [1]
    .bss               zero     0x1fff1404     0x4  Car_Control.o [1]
    .bss               zero     0x1fff1408     0x4  Car_Control.o [1]
    .bss               zero     0x1fff140c     0x4  Car_Control.o [1]
    .bss               zero     0x1fff1410     0x4  Car_Control.o [1]
    .bss               zero     0x1fff1414     0x4  Car_Control.o [1]
    .bss               zero     0x1fff1418     0x4  Car_Control.o [1]
    .bss               zero     0x1fff141c     0x4  Car_Control.o [1]
    .bss               zero     0x1fff1420     0x4  Car_Control.o [1]
    .bss               zero     0x1fff1424     0x4  Car_Control.o [1]
    .bss               zero     0x1fff1428     0x4  Car_Control.o [1]
    .bss               zero     0x1fff142c     0x4  Car_Control.o [1]
    .bss               zero     0x1fff1430     0x4  Car_Control.o [1]
    .bss               zero     0x1fff1434     0x4  Car_Control.o [1]
    .bss               zero     0x1fff1438     0x4  Car_Control.o [1]
    .bss               zero     0x1fff143c     0x4  Car_Control.o [1]
    .bss               zero     0x1fff1440     0x4  Car_Control.o [1]
    .bss               zero     0x1fff1444     0x4  Car_Control.o [1]
    .bss               zero     0x1fff1448     0x4  Car_Control.o [1]
    .bss               zero     0x1fff144c     0x4  Car_Control.o [1]
    .bss               zero     0x1fff1450     0x4  Car_Control.o [1]
    .bss               zero     0x1fff1454     0x4  Car_Control.o [1]
    .bss               zero     0x1fff1458     0x4  Car_Control.o [1]
    .bss               zero     0x1fff145c     0x4  Car_Control.o [1]
    .bss               zero     0x1fff1460     0x4  fuzzy.o [1]
    .bss               zero     0x1fff1464     0x4  fuzzy.o [1]
    .bss               zero     0x1fff1468     0x4  fuzzy.o [1]
    .bss               zero     0x1fff146c     0x4  get_midline.o [1]
    .bss               zero     0x1fff1470     0x4  get_midline.o [1]
    .bss               zero     0x1fff1474     0x4  get_midline.o [1]
    .bss               zero     0x1fff1478     0x4  get_midline.o [1]
    .bss               zero     0x1fff147c    0xf0  get_midline.o [1]
    .bss               zero     0x1fff156c    0xf0  get_midline.o [1]
    .bss               zero     0x1fff165c    0x78  get_midline.o [1]
    .bss               zero     0x1fff16d4    0x78  get_midline.o [1]
    .bss               zero     0x1fff174c    0xf0  get_midline.o [1]
    .bss               zero     0x1fff183c     0x4  get_midline.o [1]
    .bss               zero     0x1fff1840    0xf0  get_midline.o [1]
    .bss               zero     0x1fff1930     0x4  get_midline.o [1]
    .bss               zero     0x1fff1934     0x4  get_midline.o [1]
    .bss               zero     0x1fff1938     0x4  get_midline.o [1]
    .bss               zero     0x1fff193c     0x4  get_midline.o [1]
    .bss               zero     0x1fff1940     0x4  get_midline.o [1]
    .bss               zero     0x1fff1944     0x4  get_midline.o [1]
    .bss               zero     0x1fff1948     0x4  get_midline.o [1]
    .bss               zero     0x1fff194c     0x4  get_midline.o [1]
    .bss               zero     0x1fff1950     0x4  get_midline.o [1]
    .bss               zero     0x1fff1954     0x4  get_midline.o [1]
    .bss               zero     0x1fff1958     0x4  get_midline.o [1]
    .bss               zero     0x1fff195c     0x4  get_midline.o [1]
    .bss               zero     0x1fff1960     0x4  get_midline.o [1]
    .bss               zero     0x1fff1964     0x4  get_midline.o [1]
    .bss               zero     0x1fff1968     0x4  get_midline.o [1]
    .bss               zero     0x1fff196c     0x4  get_midline.o [1]
    .bss               zero     0x1fff1970     0x4  get_midline.o [1]
    .bss               zero     0x1fff1974     0x4  Key.o [1]
    .bss               zero     0x1fff1978   0x4b0  main.o [1]
    .bss               zero     0x1fff1e28   0x258  main.o [1]
    .bss               zero     0x1fff2080  0x12c0  main.o [1]
    .bss               zero     0x1fff3340     0x8  main.o [1]
    .bss               zero     0x1fff3348    0x10  main.o [1]
    .bss               zero     0x1fff3358     0x8  main.o [1]
    .bss               zero     0x1fff3360     0x4  main.o [1]
    .bss               zero     0x1fff3364     0x4  main.o [1]
    .bss               zero     0x1fff3368     0x4  main.o [1]
    .bss               zero     0x1fff336c     0x4  main.o [1]
    .bss               zero     0x1fff3370     0x4  main.o [1]
    .bss               zero     0x1fff3374     0x4  main.o [1]
    .bss               zero     0x1fff3378     0xc  MK60_ftm.o [1]
    .bss               zero     0x1fff3384     0x4  system_MK60DZ10.o [1]
    .bss               zero     0x1fff3388     0x4  system_MK60DZ10.o [1]
    .bss               zero     0x1fff338c     0x4  system_MK60DZ10.o [1]
    .bss               zero     0x1fff3390     0x4  VCAN_OV7725_Eagle.o [1]
    .bss               zero     0x1fff3394    0x50  xfiles.o [3]
    .bss               zero     0x1fff33e4     0x2  Car_Control.o [1]
    .bss               zero     0x1fff33e6     0x2  Car_Control.o [1]
    .bss               zero     0x1fff33e8     0x2  Car_Control.o [1]
    .bss               zero     0x1fff33ea     0x2  Car_Control.o [1]
    .bss               zero     0x1fff33ec     0x2  Car_Control.o [1]
    .bss               zero     0x1fff33ee     0x2  Car_Control.o [1]
    .bss               zero     0x1fff33f0     0x2  Car_Control.o [1]
    .bss               zero     0x1fff33f2     0x2  Car_Control.o [1]
    .bss               zero     0x1fff33f4     0x2  Car_Control.o [1]
    .bss               zero     0x1fff33f6     0x2  Car_Control.o [1]
    .bss               zero     0x1fff33f8     0x2  Car_Control.o [1]
    .bss               zero     0x1fff33fa     0x2  Car_Control.o [1]
    .bss               zero     0x1fff33fc     0x2  Car_Control.o [1]
    .bss               zero     0x1fff33fe     0x2  Car_Control.o [1]
    .bss               zero     0x1fff3400     0x2  Car_Control.o [1]
    .bss               zero     0x1fff3402     0x2  Car_Control.o [1]
    .bss               zero     0x1fff3404     0x2  Car_Control.o [1]
    .bss               zero     0x1fff3406     0x2  Car_Control.o [1]
    .bss               zero     0x1fff3408     0x2  Car_Control.o [1]
    .bss               zero     0x1fff340a     0x2  get_midline.o [1]
    .bss               zero     0x1fff340c     0x2  get_midline.o [1]
    .bss               zero     0x1fff340e     0x2  get_midline.o [1]
    .bss               zero     0x1fff3410     0x2  get_midline.o [1]
    .bss               zero     0x1fff3412     0x2  get_midline.o [1]
    .bss               zero     0x1fff3414     0x2  get_midline.o [1]
    .bss               zero     0x1fff3416     0x2  get_midline.o [1]
    .bss               zero     0x1fff3418     0x2  get_midline.o [1]
    .bss               zero     0x1fff341a     0x2  get_midline.o [1]
    .bss               zero     0x1fff341c     0x2  get_midline.o [1]
    .bss               zero     0x1fff341e     0x2  get_midline.o [1]
    .bss               zero     0x1fff3420     0x2  get_midline.o [1]
    .bss               zero     0x1fff3422     0x2  get_midline.o [1]
    .bss               zero     0x1fff3424     0x2  get_midline.o [1]
    .bss               zero     0x1fff3426     0x2  get_midline.o [1]
    .bss               zero     0x1fff3428     0x2  get_midline.o [1]
    .bss               zero     0x1fff342a     0x2  get_midline.o [1]
    .bss               zero     0x1fff342c     0x2  get_midline.o [1]
    .bss               zero     0x1fff342e     0x2  get_midline.o [1]
    .bss               zero     0x1fff3430     0x2  get_midline.o [1]
    .bss               zero     0x1fff3432     0x2  get_midline.o [1]
    .bss               zero     0x1fff3434     0x2  get_midline.o [1]
    .bss               zero     0x1fff3436     0x2  get_midline.o [1]
    .bss               zero     0x1fff3438     0x2  get_midline.o [1]
    .bss               zero     0x1fff343a     0x2  get_midline.o [1]
    .bss               zero     0x1fff343c     0x2  get_midline.o [1]
    .bss               zero     0x1fff343e     0x2  get_midline.o [1]
    .bss               zero     0x1fff3440     0x2  get_midline.o [1]
    .bss               zero     0x1fff3442     0x2  get_midline.o [1]
    .bss               zero     0x1fff3444     0x2  get_midline.o [1]
    .bss               zero     0x1fff3446     0x2  get_midline.o [1]
    .bss               zero     0x1fff3448     0x2  get_midline.o [1]
    .bss               zero     0x1fff344a     0x2  get_midline.o [1]
    .bss               zero     0x1fff344c     0x2  get_midline.o [1]
    .bss               zero     0x1fff344e     0x2  get_midline.o [1]
    .bss               zero     0x1fff3450     0x2  get_midline.o [1]
    .bss               zero     0x1fff3452     0x2  get_midline.o [1]
    .bss               zero     0x1fff3454     0x2  get_midline.o [1]
    .bss               zero     0x1fff3456     0x2  get_midline.o [1]
    .bss               zero     0x1fff3458     0x2  get_midline.o [1]
    .bss               zero     0x1fff345a     0x2  get_midline.o [1]
    .bss               zero     0x1fff345c     0x2  get_midline.o [1]
    .bss               zero     0x1fff345e     0x2  get_midline.o [1]
    .bss               zero     0x1fff3460     0x2  get_midline.o [1]
    .bss               zero     0x1fff3462     0x2  get_midline.o [1]
    .bss               zero     0x1fff3464     0x2  get_midline.o [1]
    .bss               zero     0x1fff3466     0x2  get_midline.o [1]
    .bss               zero     0x1fff3468     0x2  get_midline.o [1]
    .bss               zero     0x1fff346a     0x2  get_midline.o [1]
    .bss               zero     0x1fff346c     0x2  get_midline.o [1]
    .bss               zero     0x1fff346e     0x2  get_midline.o [1]
    .bss               zero     0x1fff3470     0x2  get_midline.o [1]
    .bss               zero     0x1fff3472     0x2  get_midline.o [1]
    .bss               zero     0x1fff3474     0x2  get_midline.o [1]
    .bss               zero     0x1fff3476     0x2  get_midline.o [1]
    .bss               zero     0x1fff3478     0x2  get_midline.o [1]
    .bss               zero     0x1fff347a     0x2  get_midline.o [1]
    .bss               zero     0x1fff347c     0x2  get_midline.o [1]
    .bss               zero     0x1fff347e     0x2  get_midline.o [1]
    .bss               zero     0x1fff3480     0x2  get_midline.o [1]
    .bss               zero     0x1fff3482     0x2  get_midline.o [1]
    .bss               zero     0x1fff3484     0x2  get_midline.o [1]
    .bss               zero     0x1fff3486     0x2  get_midline.o [1]
    .bss               zero     0x1fff3488     0x2  get_midline.o [1]
    .bss               zero     0x1fff348a     0x2  get_midline.o [1]
    .bss               zero     0x1fff348c     0x2  get_midline.o [1]
    .bss               zero     0x1fff348e     0x2  get_midline.o [1]
    .bss               zero     0x1fff3490     0x2  get_midline.o [1]
    .bss               zero     0x1fff3492     0x2  get_midline.o [1]
    .bss               zero     0x1fff3494     0x2  get_midline.o [1]
    .bss               zero     0x1fff3496     0x2  get_midline.o [1]
    .bss               zero     0x1fff3498     0x2  get_midline.o [1]
    .bss               zero     0x1fff349a     0x2  get_midline.o [1]
    .bss               zero     0x1fff349c     0x2  get_midline.o [1]
    .bss               zero     0x1fff349e     0x2  get_midline.o [1]
    .bss               zero     0x1fff34a0     0x2  get_midline.o [1]
    .bss               zero     0x1fff34a2     0x2  get_midline.o [1]
    .bss               zero     0x1fff34a4     0x2  get_midline.o [1]
    .bss               zero     0x1fff34a6     0x2  get_midline.o [1]
    .bss               zero     0x1fff34a8     0x2  get_midline.o [1]
    .bss               zero     0x1fff34aa     0x2  get_midline.o [1]
    .bss               zero     0x1fff34ac     0x2  get_midline.o [1]
    .bss               zero     0x1fff34ae     0x2  get_midline.o [1]
    .bss               zero     0x1fff34b0     0x2  get_midline.o [1]
    .bss               zero     0x1fff34b2     0x2  get_midline.o [1]
    .bss               zero     0x1fff34b4     0x2  get_midline.o [1]
    .bss               zero     0x1fff34b6     0x2  get_midline.o [1]
    .bss               zero     0x1fff34b8     0x2  get_midline.o [1]
    .bss               zero     0x1fff34ba     0x2  get_midline.o [1]
    .bss               zero     0x1fff34bc     0x2  get_midline.o [1]
    .bss               zero     0x1fff34be     0x2  get_midline.o [1]
    .bss               zero     0x1fff34c0     0x2  get_midline.o [1]
    .bss               zero     0x1fff34c2     0x2  get_midline.o [1]
    .bss               zero     0x1fff34c4     0x2  get_midline.o [1]
    .bss               zero     0x1fff34c6     0x2  get_midline.o [1]
    .bss               zero     0x1fff34c8     0x2  get_midline.o [1]
    .bss               zero     0x1fff34ca     0x2  get_midline.o [1]
    .bss               zero     0x1fff34cc     0x2  get_midline.o [1]
    .bss               zero     0x1fff34ce     0x2  get_midline.o [1]
    .bss               zero     0x1fff34d0     0x2  get_midline.o [1]
    .bss               zero     0x1fff34d2     0x2  get_midline.o [1]
    .bss               zero     0x1fff34d4     0x2  get_midline.o [1]
    .bss               zero     0x1fff34d6     0x2  get_midline.o [1]
    .bss               zero     0x1fff34d8     0x2  get_midline.o [1]
    .bss               zero     0x1fff34da     0x2  get_midline.o [1]
    .bss               zero     0x1fff34dc     0x2  get_midline.o [1]
    .bss               zero     0x1fff34de     0x2  get_midline.o [1]
    .bss               zero     0x1fff34e0     0x2  get_midline.o [1]
    .bss               zero     0x1fff34e2     0x2  get_midline.o [1]
    .bss               zero     0x1fff34e4     0x2  get_midline.o [1]
    .bss               zero     0x1fff34e6     0x2  get_midline.o [1]
    .bss               zero     0x1fff34e8     0x2  get_midline.o [1]
    .bss               zero     0x1fff34ea     0x2  get_midline.o [1]
    .bss               zero     0x1fff34ec     0x2  get_midline.o [1]
    .bss               zero     0x1fff34ee     0x2  get_midline.o [1]
    .bss               zero     0x1fff34f0     0x2  get_midline.o [1]
    .bss               zero     0x1fff34f2     0x2  get_midline.o [1]
    .bss               zero     0x1fff34f4     0x2  Key.o [1]
    .bss               zero     0x1fff34f6     0x2  main.o [1]
    .bss               zero     0x1fff34f8     0x2  main.o [1]
    .bss               zero     0x1fff34fa     0x2  main.o [1]
    .bss               zero     0x1fff34fc     0x2  main.o [1]
    .bss               zero     0x1fff34fe     0x1  fuzzy.o [1]
    .bss               zero     0x1fff34ff     0x1  fuzzy.o [1]
    .bss               zero     0x1fff3500     0x1  fuzzy.o [1]
    .bss               zero     0x1fff3501     0x1  Key.o [1]
    .bss               zero     0x1fff3502     0x1  Key.o [1]
    .bss               zero     0x1fff3503     0x1  Key.o [1]
    .bss               zero     0x1fff3504     0x1  Key.o [1]
    .bss               zero     0x1fff3505     0x1  main.o [1]
    .bss               zero     0x1fff3506     0x1  main.o [1]
  P2 s0                         0x1fff3508    0x8c  <Init block>
    __DLIB_PERTHREAD   inited   0x1fff3508    0x88  localeconv.o [3]
    __DLIB_PERTHREAD   inited   0x1fff3590     0x4  errno.o [3]
                              - 0x1fff3594  0x3184


*******************************************************************************
*** INIT TABLE
***

          Address     Size
          -------     ----
Zero (__iar_zero_init3)
    1 destination range, total size 0x21b7:
          0x1fff1350  0x21b7



*******************************************************************************
*** MODULE SUMMARY
***

    Module                 ro code  rw code  ro data  rw data
    ------                 -------  -------  -------  -------
F:\斯达迪\freescale\【验证及调试】\“暗湧六號D”\Dark_River\Prj\IAR\DZ10_Debug\Obj: [1]
    8700_2100.o                122
    Car_Control.o            5 116                64      374
    Key.o                   10 356               450       16
    MK60_SysTick.o             100                84
    MK60_conf.o                316             1 921    1 800
    MK60_dma.o                 644                80
    MK60_flash.o                        360      444
    MK60_ftm.o               1 280                92       24
    MK60_gpio.o                420               104       20
    MK60_i2c.o               1 088               216        8
    MK60_mcg.o                 968       80      152       72
    MK60_port.o                176                20       20
    MK60_uart.o                616               108       24
    MK60_wdog.o                 64
    Serial_oscilloscope.o      236
    VCAN_LCD.o               2 492               868
    VCAN_LED.o                 112                 4        4
    VCAN_OV7725_Eagle.o        564               277      106
    VCAN_SCCB.o                866
    VCAN_camera.o              148                 2
    VCAN_key.o                 156                 8        8
    fuzzy.o                    340                12       25
    get_midline.o           19 624             1 224    2 746
    main.o                     916                 1    6 667
    misc.o                      80                76
    startup_MK60DZ10.o           8
    system_MK60DZ10.o          304                         12
    vectors.o                                  1 040
    ---------------------------------------------------------
    Total:                  47 112      440    7 247   11 926

command line: [2]
    ---------------------------------------------------------
    Total:

dl7M_tlf.a: [3]
    abs.o                        8
    div.o                       14
    errno.o                     12                 4        4
    exit.o                       4
    localeconv.o               108               136      136
    low_level_init.o             4
    printf.o                    36
    putchar.o                   12
    xfiles.o                                      67      144
    xprintflarge_nomb.o      3 054
    xprout.o                    22
    xtls.o                       2
    ---------------------------------------------------------
    Total:                   3 276               207      284

m7M_tl.a: [4]
    DblAdd.o                   232
    DblCmpGe.o                  46
    DblCmpLe.o                  46
    DblDiv.o                   582
    DblMul.o                   418
    DblSub.o                   384
    DblToFlt.o                 144
    DblToI32.o                  88
    FltAdd.o                   132
    FltCmpEq.o                  28
    FltCmpGe.o                  36
    FltCmpLe.o                  36
    FltDiv.o                   252
    FltMul.o                   216
    FltSub.o                   230
    FltToDbl.o                  78
    FltToS32.o                  68
    FltToU32.o                  36
    I32ToDbl.o                  48
    I32ToFlt.o                  50
    asin.o                     246
    sqrt.o                     240
    xatan.o                    480
    xdnorm.o                    66
    ---------------------------------------------------------
    Total:                   4 182

rt7M_tl.a: [5]
    ABImemcpy_unaligned.o      118
    I64DivMod.o                238
    I64DivZer.o                  2
    XXexit.o                    12
    cexit.o                     10
    cmain.o                     26
    cstartup_M.o                12
    data_init.o                 40
    iarEdom.o                   12
    memchr.o                    88
    strchr.o                    22
    strlen.o                    54
    zero_init3.o                34
    ---------------------------------------------------------
    Total:                     668

    Gaps                        28                          9
    Linker created              24       16       32
-------------------------------------------------------------
    Grand Total:            55 290      456    7 486   12 219


*******************************************************************************
*** ENTRY LIST
***

Entry                      Address    Size  Type      Object
-----                      -------    ----  ----      ------
.bss$$Base              0x1fff1350           --   Gb  - Linker created -
.bss$$Limit             0x1fff3508           --   Gb  - Linker created -
.data$$Base             0x1fff0410           --   Gb  - Linker created -
.data$$Limit            0x1fff1188           --   Gb  - Linker created -
.data_init$$Base        0x0000d2a8           --   Gb  - Linker created -
.data_init$$Limit       0x0000e020           --   Gb  - Linker created -
.iar.init_table$$Base   0x0000f1b0           --   Gb  - Linker created -
.iar.init_table$$Limit  0x0000f1c0           --   Gb  - Linker created -
?main                   0x0000f21d          Code  Gb  cmain.o [5]
Acc_Z                   0x1fff34fc     0x2  Data  Gb  main.o [1]
Angle_All_Control       0x0000ad09    0x50  Code  Gb  Car_Control.o [1]
Angle_Car_Now           0x1fff13c4     0x4  Data  Gb  Car_Control.o [1]
Angle_Car_Now_2         0x1fff13c8     0x4  Data  Gb  Car_Control.o [1]
Angle_Error             0x1fff13a0     0x4  Data  Gb  Car_Control.o [1]
Angle_In_Loop_Control   0x0000ab7b   0x18e  Code  Gb  Car_Control.o [1]
Angle_Out_Loop_Control  0x0000aa77   0x104  Code  Gb  Car_Control.o [1]
Angle_Speed_Error       0x1fff13a4     0x4  Data  Gb  Car_Control.o [1]
Angle_Speed_Error_Error
                        0x1fff13b0     0x4  Data  Gb  Car_Control.o [1]
Angle_Speed_Error_Last  0x1fff13b4     0x4  Data  Gb  Car_Control.o [1]
Angle_Speed_Expect      0x1fff13a8     0x4  Data  Gb  Car_Control.o [1]
Angle_Speed_Index       0x1fff0446     0x2  Data  Gb  Car_Control.o [1]
Angle_Speed_Integral    0x1fff13ac     0x4  Data  Gb  Car_Control.o [1]
Angle_Speed_Integral_Start_Mark
                        0x1fff33ec     0x2  Data  Gb  Car_Control.o [1]
Angle_Speed_Integral_Start_Time
                        0x1fff33ea     0x2  Data  Gb  Car_Control.o [1]
Angle_Standard          0x1fff0448     0x4  Data  Gb  Car_Control.o [1]
Balance_Filter          0x0000a8b1   0x15c  Code  Gb  Car_Control.o [1]
Block_Flag              0x1fff348c     0x2  Data  Gb  get_midline.o [1]
Block_Handle            0x00004d81   0x17a  Code  Gb  get_midline.o [1]
Block_Jump_Flag         0x1fff34a4     0x2  Data  Gb  get_midline.o [1]
Block_Left              0x1fff3488     0x2  Data  Gb  get_midline.o [1]
Block_Left_Down_i       0x1fff349c     0x2  Data  Gb  get_midline.o [1]
Block_Left_Down_j       0x1fff349e     0x2  Data  Gb  get_midline.o [1]
Block_Left_Up_i         0x1fff3498     0x2  Data  Gb  get_midline.o [1]
Block_Left_Up_j         0x1fff349a     0x2  Data  Gb  get_midline.o [1]
Block_Right             0x1fff348a     0x2  Data  Gb  get_midline.o [1]
Block_Right_Down_i      0x1fff3492     0x2  Data  Gb  get_midline.o [1]
Block_Right_Down_j      0x1fff3494     0x2  Data  Gb  get_midline.o [1]
Block_Right_Up_i        0x1fff348e     0x2  Data  Gb  get_midline.o [1]
Block_Right_Up_j        0x1fff3490     0x2  Data  Gb  get_midline.o [1]
Block_Scan              0x00003b85   0x6cc  Code  Gb  get_midline.o [1]
Brick_Jump_Point        0x1fff34a6     0x2  Data  Gb  get_midline.o [1]
Change_Line_Wide        0x1fff0834    0xf0  Data  Gb  get_midline.o [1]
Change_Point            0x1fff34ee     0x2  Data  Gb  get_midline.o [1]
CodeRelocate$$Base      0x0000e9fc           --   Gb  - Linker created -
CodeRelocate$$Limit     0x0000ebc4           --   Gb  - Linker created -
CodeRelocateRam$$Base   0x1fff1188           --   Gb  - Linker created -
CodeRelocateRam$$Limit  0x1fff1350           --   Gb  - Linker created -
DIP_Number              0x1fff33f8     0x2  Data  Gb  Car_Control.o [1]
DIP_status              0x0000b999    0x9a  Code  Gb  Car_Control.o [1]
DL_Cross_Road_Flag      0x1fff34ae     0x2  Data  Gb  get_midline.o [1]
DMA0_IRQHandler         0x0000e661     0x8  Code  Gb  main.o [1]
DR_Cross_Road_Flag      0x1fff34b0     0x2  Data  Gb  get_midline.o [1]
D_Angle                 0x1fff1370     0x4  Data  Gb  Car_Control.o [1]
D_Angle_Speed           0x1fff0418     0x4  Data  Gb  Car_Control.o [1]
D_Direction_Control     0x1fff043c     0x4  Data  Gb  Car_Control.o [1]
D_Direction_Control_now
                        0x1fff0440     0x4  Data  Gb  Car_Control.o [1]
Data_Send               0x0000c285    0xec  Code  Gb  Serial_oscilloscope.o [1]
Depart                  0x1fff3505     0x1  Data  Gb  main.o [1]
Detal_Column            0x1fff0470     0x2  Data  Gb  get_midline.o [1]
Detal_Column_Init       0x1fff0472     0x2  Data  Gb  get_midline.o [1]
Dir_Loop_Control        0x0000b1e1     0xc  Code  Gb  Car_Control.o [1]
Dir_Loop_Output         0x0000b1ed   0x182  Code  Gb  Car_Control.o [1]
Dir_Spd_Fuzzy_Max       0x1fff0452     0x2  Data  Gb  fuzzy.o [1]
Dir_Spd_Fuzzy_Min       0x1fff0454     0x2  Data  Gb  fuzzy.o [1]
Dir_Spd_Fuzzy_constant  0x1fff0458     0x4  Data  Gb  fuzzy.o [1]
Dir_Speed_Fuzzy         0x1fff3500     0x1  Data  Gb  fuzzy.o [1]
Dir_detal               0x1fff3364     0x4  Data  Gb  main.o [1]
Direction_Control_Out   0x1fff1388     0x4  Data  Gb  Car_Control.o [1]
Direction_Control_Out_Last
                        0x1fff138c     0x4  Data  Gb  Car_Control.o [1]
Direction_Detal_Caculate
                        0x00002aa1   0x1ca  Code  Gb  get_midline.o [1]
DisplayFloat            0x0000a28f   0x1b2  Code  Gb  VCAN_LCD.o [1]
Draw_Midline            0x00002001    0x90  Code  Gb  get_midline.o [1]
E                       0x1fff1460     0x4  Data  Gb  fuzzy.o [1]
EC                      0x1fff1464     0x4  Data  Gb  fuzzy.o [1]
EC_Rank                 0x1fff34ff     0x1  Data  Gb  fuzzy.o [1]
E_Rank                  0x1fff34fe     0x1  Data  Gb  fuzzy.o [1]
E_Speed                 0x1fff1468     0x4  Data  Gb  fuzzy.o [1]
Error                   0x1fff16d4    0x78  Data  Gb  get_midline.o [1]
F14x16                  0x0000ed34   0x118  Data  Gb  VCAN_LCD.o [1]
F14x16_Idx              0x0000f200    0x1c  Data  Gb  VCAN_LCD.o [1]
F6x8                    0x0000e7d4   0x228  Data  Gb  VCAN_LCD.o [1]
FS_Spd                  0x1fff0450     0x2  Data  Gb  fuzzy.o [1]
FTMN                    0x1fff1034     0xc  Data  Gb  MK60_ftm.o [1]
FTM_port_mux            0x0000c499   0x118  Code  Lc  MK60_ftm.o [1]
Finish_Check            0x00002cd1   0x27c  Code  Gb  get_midline.o [1]
Fuck_Up_Mark            0x1fff34e4     0x2  Data  Gb  get_midline.o [1]
Fuck_Up_Mark_Time       0x1fff046a     0x2  Data  Gb  get_midline.o [1]
Fuzzy_Apply             0x0000c9d9   0x154  Code  Gb  fuzzy.o [1]
GPIOX                   0x1fff1040    0x14  Data  Gb  MK60_gpio.o [1]
Get_Acc_And_Gyro        0x0000a829    0x44  Code  Gb  Car_Control.o [1]
Get_Middle_Line         0x00000419  0x1bd8  Code  Gb  get_midline.o [1]
Get_Speed               0x0000aa0d    0x6a  Code  Gb  Car_Control.o [1]
Gravity_Angle_Error     0x1fff1390     0x4  Data  Gb  Car_Control.o [1]
Gravity_Angle_I         0x1fff139c     0x4  Data  Gb  Car_Control.o [1]
Gravity_Angle_Index     0x1fff0444     0x2  Data  Gb  Car_Control.o [1]
Gravity_Angle_Integral  0x1fff1394     0x4  Data  Gb  Car_Control.o [1]
Gravity_Angle_Integral_Start_Mark
                        0x1fff33e8     0x2  Data  Gb  Car_Control.o [1]
Gravity_Angle_Integral_Start_Time
                        0x1fff33e6     0x2  Data  Gb  Car_Control.o [1]
Gyro_Test               0x1fff33e4     0x2  Data  Gb  Car_Control.o [1]
Gyro_X                  0x1fff34f8     0x2  Data  Gb  main.o [1]
Gyro_Z                  0x1fff34fa     0x2  Data  Gb  main.o [1]
I2CN                    0x1fff1054     0x8  Data  Gb  MK60_i2c.o [1]
II                      0x1fff34f6     0x2  Data  Gb  main.o [1]
IIC_Read_Acc_16bit      0x0000c243    0x18  Code  Gb  8700_2100.o [1]
IIC_Read_Gyro_16bit     0x0000c25b    0x2a  Code  Gb  8700_2100.o [1]
I_Angle                 0x1fff136c     0x4  Data  Gb  Car_Control.o [1]
I_Angle_Speed           0x1fff1368     0x4  Data  Gb  Car_Control.o [1]
Img_Printf_OLED         0x00009dfd   0x270  Code  Gb  VCAN_LCD.o [1]
Init2100                0x0000c20b    0x24  Code  Gb  8700_2100.o [1]
Init8700                0x0000c22f    0x14  Code  Gb  8700_2100.o [1]
Jump_Change_Point_Count
                        0x1fff34e6     0x2  Data  Gb  get_midline.o [1]
KEY_PTxn                0x1fff10d0     0x8  Data  Gb  VCAN_key.o [1]
Key_Init                0x00007331    0x7c  Code  Gb  Key.o [1]
LB_Lose                 0x1fff147c    0xf0  Data  Gb  get_midline.o [1]
LB_Lose_Begin           0x1fff3412     0x2  Data  Gb  get_midline.o [1]
LB_Lose_Count           0x1fff340e     0x2  Data  Gb  get_midline.o [1]
LB_Lose_Count_Last      0x1fff341e     0x2  Data  Gb  get_midline.o [1]
LB_Lose_End             0x1fff3414     0x2  Data  Gb  get_midline.o [1]
LCD_CLS                 0x00009c7b    0x3c  Code  Gb  VCAN_LCD.o [1]
LCD_DLY_ms              0x00009ce5    0x18  Code  Gb  VCAN_LCD.o [1]
LCD_Fill                0x00009c3b    0x40  Code  Gb  VCAN_LCD.o [1]
LCD_Init                0x00009cfd   0x100  Code  Gb  VCAN_LCD.o [1]
LCD_P14x16Str           0x0000a0e9   0x12e  Code  Gb  VCAN_LCD.o [1]
LCD_P6x8Str             0x0000a06d    0x7c  Code  Gb  VCAN_LCD.o [1]
LCD_Print               0x0000a225    0x6a  Code  Gb  VCAN_LCD.o [1]
LCD_PrintU16            0x0000a4b5    0xac  Code  Gb  VCAN_LCD.o [1]
LCD_Set_Pos             0x00009cb7    0x2e  Code  Gb  VCAN_LCD.o [1]
LCD_WrCmd               0x00009bf1    0x4a  Code  Gb  VCAN_LCD.o [1]
LCD_WrDat               0x00009ba5    0x4a  Code  Gb  VCAN_LCD.o [1]
LD                      0x1fff344e     0x2  Data  Gb  get_midline.o [1]
LDI                     0x1fff343a     0x2  Data  Gb  get_midline.o [1]
LDJ                     0x1fff343c     0x2  Data  Gb  get_midline.o [1]
LD_Flag                 0x1fff34b2     0x2  Data  Gb  get_midline.o [1]
LED_PTxn                0x1fff10d8     0x4  Data  Gb  VCAN_LED.o [1]
LU                      0x1fff344a     0x2  Data  Gb  get_midline.o [1]
LUI                     0x1fff343e     0x2  Data  Gb  get_midline.o [1]
LUJ                     0x1fff3440     0x2  Data  Gb  get_midline.o [1]
Left_And_Right_Lose_Continue
                        0x1fff34e2     0x2  Data  Gb  get_midline.o [1]
Left_Black              0x1fff174c    0xf0  Data  Gb  get_midline.o [1]
Left_Black_B            0x1fff1948     0x4  Data  Gb  get_midline.o [1]
Left_Black_K            0x1fff1944     0x4  Data  Gb  get_midline.o [1]
Left_Black_Lose         0x1fff340a     0x2  Data  Gb  get_midline.o [1]
Left_Black_Old          0x1fff183c     0x4  Data  Gb  get_midline.o [1]
Left_Black_fiveteen_lose
                        0x1fff3432     0x2  Data  Gb  get_midline.o [1]
Left_Black_fourtyfive_lose
                        0x1fff342a     0x2  Data  Gb  get_midline.o [1]
Left_Black_sixty_lose   0x1fff3426     0x2  Data  Gb  get_midline.o [1]
Left_Black_thrity_lose  0x1fff342e     0x2  Data  Gb  get_midline.o [1]
Left_Black_zero_lose    0x1fff3436     0x2  Data  Gb  get_midline.o [1]
Left_Board_Max          0x1fff1938     0x4  Data  Gb  get_midline.o [1]
Left_Board_Min          0x1fff1934     0x4  Data  Gb  get_midline.o [1]
Left_Many_Lose          0x1fff34b6     0x2  Data  Gb  get_midline.o [1]
Left_Motor              0x1fff143c     0x4  Data  Gb  Car_Control.o [1]
Left_Motor_Last         0x1fff1444     0x4  Data  Gb  Car_Control.o [1]
Left_and_Right_Lose_count
                        0x1fff341a     0x2  Data  Gb  get_midline.o [1]
Left_and_Right_Lose_count_Last
                        0x1fff341c     0x2  Data  Gb  get_midline.o [1]
Live_Watch_Mark         0x1fff3506     0x1  Data  Gb  main.o [1]
LoadInt                 0x000067a3    0x6e  Code  Lc  xprintflarge_nomb.o [3]
ML_Black_Spot_count     0x1fff34bc     0x2  Data  Gb  get_midline.o [1]
ML_White_Spot_count     0x1fff34be     0x2  Data  Gb  get_midline.o [1]
Max                     0x00002cc1    0x10  Code  Gb  get_midline.o [1]
Mid_Left_Black          0x1fff34a0     0x2  Data  Gb  get_midline.o [1]
Mid_Line                0x1fff165c    0x78  Data  Gb  get_midline.o [1]
Mid_Right_Black         0x1fff3496     0x2  Data  Gb  get_midline.o [1]
Min                     0x00002cb1    0x10  Code  Gb  get_midline.o [1]
MotorOutput             0x0000b3e5   0x334  Code  Gb  Car_Control.o [1]
Motor_Left_Out          0x1fff1458     0x4  Data  Gb  Car_Control.o [1]
Motor_Right_Out         0x1fff145c     0x4  Data  Gb  Car_Control.o [1]
NVIC_DisableIRQ         0x0000e3f1    0x14  Code  Lc  main.o [1]
NVIC_DisableIRQ         0x0000a575    0x14  Code  Lc  VCAN_OV7725_Eagle.o [1]
NVIC_EnableIRQ          0x0000a561    0x14  Code  Lc  VCAN_OV7725_Eagle.o [1]
NVIC_SetPriority        0x0000e405    0x26  Code  Lc  main.o [1]
NVIC_SystemReset        0x00005cf1    0x1a  Code  Lc  MK60_conf.o [1]
Number_0                0x1fff33fa     0x2  Data  Gb  Car_Control.o [1]
Number_1                0x1fff33fc     0x2  Data  Gb  Car_Control.o [1]
Number_2                0x1fff33fe     0x2  Data  Gb  Car_Control.o [1]
Number_3                0x1fff3400     0x2  Data  Gb  Car_Control.o [1]
Number_4                0x1fff3402     0x2  Data  Gb  Car_Control.o [1]
Number_5                0x1fff3404     0x2  Data  Gb  Car_Control.o [1]
Number_6                0x1fff3406     0x2  Data  Gb  Car_Control.o [1]
Number_7                0x1fff3408     0x2  Data  Gb  Car_Control.o [1]
OLED_Angle_ID           0x00008085   0x124  Code  Gb  Key.o [1]
OLED_Angle_ID_SHOW      0x000079f3    0xc2  Code  Gb  Key.o [1]
OLED_Angle_II           0x00007f55   0x124  Code  Gb  Key.o [1]
OLED_Angle_II_SHOW      0x00007931    0xc2  Code  Gb  Key.o [1]
OLED_Angle_IO_PID       0x00007cfb   0x124  Code  Gb  Key.o [1]
OLED_Angle_IP           0x00007e1f   0x124  Code  Gb  Key.o [1]
OLED_Angle_IP_SHOW      0x0000782f   0x102  Code  Gb  Key.o [1]
OLED_Angle_OD           0x00008445   0x124  Code  Gb  Key.o [1]
OLED_Angle_OD_SHOW      0x00007c39    0xc2  Code  Gb  Key.o [1]
OLED_Angle_OI           0x00008309   0x124  Code  Gb  Key.o [1]
OLED_Angle_OI_SHOW      0x00007b77    0xc2  Code  Gb  Key.o [1]
OLED_Angle_OP           0x000081d5   0x124  Code  Gb  Key.o [1]
OLED_Angle_OP_SHOW      0x00007ab5    0xc2  Code  Gb  Key.o [1]
OLED_Angle_SHOW         0x000077db    0x54  Code  Gb  Key.o [1]
OLED_Direction_C        0x000097d9    0xf0  Code  Gb  Key.o [1]
OLED_Direction_C_SHOW   0x00009081    0xa8  Code  Gb  Key.o [1]
OLED_Direction_D        0x00009499   0x108  Code  Gb  Key.o [1]
OLED_Direction_D_SHOW   0x00008e4d   0x102  Code  Gb  Key.o [1]
OLED_Direction_Live_Watch
                        0x000098f1    0xf0  Code  Gb  Key.o [1]
OLED_Direction_Live_Watch_Show
                        0x00009129    0x80  Code  Gb  Key.o [1]
OLED_Direction_O        0x000099ed    0xf0  Code  Gb  Key.o [1]
OLED_Direction_P        0x00009371   0x100  Code  Gb  Key.o [1]
OLED_Direction_PID      0x00009251   0x100  Code  Gb  Key.o [1]
OLED_Direction_P_SHOW   0x00008d69    0xd2  Code  Gb  Key.o [1]
OLED_Direction_Po       0x000095a5   0x106  Code  Gb  Key.o [1]
OLED_Direction_Po_SHOW  0x00008f55    0x9a  Code  Gb  Key.o [1]
OLED_Direction_SHOW     0x00008d11    0x54  Code  Gb  Key.o [1]
OLED_Direction_W        0x000096c5   0x108  Code  Gb  Key.o [1]
OLED_Direction_W_SHOW   0x00008fef    0x8c  Code  Gb  Key.o [1]
OLED_IMA_SHOW           0x00009ae5    0x5c  Code  Gb  Key.o [1]
OLED_O_Show             0x000091ad    0x8c  Code  Gb  Key.o [1]
OLED_Speed_D            0x00008ba5    0xb6  Code  Gb  Key.o [1]
OLED_Speed_D_SHOW       0x000087a9    0xc2  Code  Gb  Key.o [1]
OLED_Speed_I            0x00008add    0xb0  Code  Gb  Key.o [1]
OLED_Speed_I_SHOW       0x000086e1    0xc2  Code  Gb  Key.o [1]
OLED_Speed_P            0x00008a27    0xb0  Code  Gb  Key.o [1]
OLED_Speed_PID          0x00008979    0xae  Code  Gb  Key.o [1]
OLED_Speed_P_SHOW       0x000085d9   0x102  Code  Gb  Key.o [1]
OLED_Speed_SHOW         0x00008571    0x54  Code  Gb  Key.o [1]
OLED_Speed_Set          0x00008c5b    0xb6  Code  Gb  Key.o [1]
OLED_Speed_Set_SHOW     0x00008891    0xd2  Code  Gb  Key.o [1]
O_Add                   0x1fff3422     0x2  Data  Gb  get_midline.o [1]
O_Black_Flag            0x1fff34d8     0x2  Data  Gb  get_midline.o [1]
O_Get_O_Flag            0x1fff34ca     0x2  Data  Gb  get_midline.o [1]
O_LDI                   0x1fff3456     0x2  Data  Gb  get_midline.o [1]
O_LDJ                   0x1fff3458     0x2  Data  Gb  get_midline.o [1]
O_LD_Flower_Black       0x1fff3464     0x2  Data  Gb  get_midline.o [1]
O_LD_Flower_Black_Mark  0x1fff346c     0x2  Data  Gb  get_midline.o [1]
O_LD_Flower_Up_Black    0x1fff3468     0x2  Data  Gb  get_midline.o [1]
O_Left_Line_B           0x1fff1958     0x4  Data  Gb  get_midline.o [1]
O_Left_Line_K           0x1fff1954     0x4  Data  Gb  get_midline.o [1]
O_Left_Point_Flag       0x1fff34d4     0x2  Data  Gb  get_midline.o [1]
O_OI                    0x1fff345e     0x2  Data  Gb  get_midline.o [1]
O_OJ                    0x1fff3460     0x2  Data  Gb  get_midline.o [1]
O_OJ_Check              0x1fff3462     0x2  Data  Gb  get_midline.o [1]
O_O_Left_I              0x1fff3470     0x2  Data  Gb  get_midline.o [1]
O_O_Left_J              0x1fff3472     0x2  Data  Gb  get_midline.o [1]
O_O_Right_I             0x1fff3474     0x2  Data  Gb  get_midline.o [1]
O_O_Right_J             0x1fff3476     0x2  Data  Gb  get_midline.o [1]
O_Out_Flag              0x1fff34d0     0x2  Data  Gb  get_midline.o [1]
O_Out_Flag_Time         0x1fff0464     0x2  Data  Gb  get_midline.o [1]
O_RDI                   0x1fff345a     0x2  Data  Gb  get_midline.o [1]
O_RDJ                   0x1fff345c     0x2  Data  Gb  get_midline.o [1]
O_RD_Flower_Black       0x1fff3466     0x2  Data  Gb  get_midline.o [1]
O_RD_Flower_Black_Mark  0x1fff346e     0x2  Data  Gb  get_midline.o [1]
O_RD_Flower_Up_Black    0x1fff346a     0x2  Data  Gb  get_midline.o [1]
O_Right_Line_B          0x1fff1960     0x4  Data  Gb  get_midline.o [1]
O_Right_Line_K          0x1fff195c     0x4  Data  Gb  get_midline.o [1]
O_Right_Point_Flag      0x1fff34d6     0x2  Data  Gb  get_midline.o [1]
O_Road_Flag             0x1fff34c8     0x2  Data  Gb  get_midline.o [1]
O_Road_Gothrough        0x1fff0466     0x2  Data  Gb  get_midline.o [1]
O_Road_Handle           0x00002111   0x98c  Code  Gb  get_midline.o [1]
O_Road_Num              0x1fff34cc     0x2  Data  Gb  get_midline.o [1]
O_Road_Num_Delay        0x1fff34ce     0x2  Data  Gb  get_midline.o [1]
O_Road_Scan             0x00002fcd   0xb56  Code  Gb  get_midline.o [1]
O_Up_Blank_Point        0x1fff34c0     0x2  Data  Gb  get_midline.o [1]
O_Up_Blank_Point2       0x1fff34c4     0x2  Data  Gb  get_midline.o [1]
O_Up_Blank_Point3       0x1fff34c6     0x2  Data  Gb  get_midline.o [1]
O_White_spot_count      0x1fff34c2     0x2  Data  Gb  get_midline.o [1]
Outside                 0x1fff33f4     0x2  Data  Gb  Car_Control.o [1]
PIT0_IRQHandler         0x0000e4ed    0xc6  Code  Gb  main.o [1]
PORTA_IRQHandler        0x0000e5b5    0xaa  Code  Gb  main.o [1]
PORTX                   0x1fff10a4    0x14  Data  Gb  MK60_port.o [1]
P_Angle                 0x1fff041c     0x4  Data  Gb  Car_Control.o [1]
P_Angle_Speed_Init      0x1fff0410     0x4  Data  Gb  Car_Control.o [1]
P_Angle_Speed_Now       0x1fff0414     0x4  Data  Gb  Car_Control.o [1]
P_Direction_Control     0x1fff0434     0x4  Data  Gb  Car_Control.o [1]
P_Direction_Control_now
                        0x1fff0438     0x4  Data  Gb  Car_Control.o [1]
Pass_Hole_On_Flag       0x1fff34de     0x2  Data  Gb  get_midline.o [1]
Pass_Time               0x1fff0468     0x2  Data  Gb  get_midline.o [1]
Pause                   0x0000cf59    0x14  Code  Gb  MK60_i2c.o [1]
Picture_detal           0x1fff3360     0x4  Data  Gb  main.o [1]
Picture_detal_Old       0x1fff3368     0x4  Data  Gb  main.o [1]
Picture_detal_detal     0x1fff336c     0x4  Data  Gb  main.o [1]
Po_B                    0x1fff0462     0x2  Data  Gb  get_midline.o [1]
Po_Scan                 0x00004f35    0xf4  Code  Gb  get_midline.o [1]
Qipa_Count              0x1fff3438     0x2  Data  Gb  get_midline.o [1]
RB_Lose                 0x1fff156c    0xf0  Data  Gb  get_midline.o [1]
RB_Lose_Begin           0x1fff3416     0x2  Data  Gb  get_midline.o [1]
RB_Lose_Count           0x1fff3410     0x2  Data  Gb  get_midline.o [1]
RB_Lose_Count_Last      0x1fff3420     0x2  Data  Gb  get_midline.o [1]
RB_Lose_End             0x1fff3418     0x2  Data  Gb  get_midline.o [1]
RD                      0x1fff3450     0x2  Data  Gb  get_midline.o [1]
RDI                     0x1fff3442     0x2  Data  Gb  get_midline.o [1]
RDJ                     0x1fff3444     0x2  Data  Gb  get_midline.o [1]
RD_Flag                 0x1fff34b4     0x2  Data  Gb  get_midline.o [1]
RU                      0x1fff344c     0x2  Data  Gb  get_midline.o [1]
RUI                     0x1fff3446     0x2  Data  Gb  get_midline.o [1]
RUJ                     0x1fff3448     0x2  Data  Gb  get_midline.o [1]
Ramp_Flag               0x1fff34a8     0x2  Data  Gb  get_midline.o [1]
Ramp_Next_Delay         0x1fff0460     0x2  Data  Gb  get_midline.o [1]
Ramp_Timer              0x1fff045e     0x2  Data  Gb  get_midline.o [1]
Ramp_Timer_Set          0x1fff045c     0x2  Data  Gb  get_midline.o [1]
Region$$Table$$Base     0x0000f1b0           --   Gb  - Linker created -
Region$$Table$$Limit    0x0000f1c0           --   Gb  - Linker created -
Remedy_Left_Line        0x1fff0474    0xf0  Data  Gb  get_midline.o [1]
Remedy_Left_T_Line      0x1fff0654    0xf0  Data  Gb  get_midline.o [1]
Remedy_Right_Line       0x1fff0564    0xf0  Data  Gb  get_midline.o [1]
Remedy_Right_T_Line     0x1fff0744    0xf0  Data  Gb  get_midline.o [1]
Reset_Handler           0x00000411          Code  Gb  startup_MK60DZ10.o [1]
Right_Black             0x1fff1840    0xf0  Data  Gb  get_midline.o [1]
Right_Black_B           0x1fff1950     0x4  Data  Gb  get_midline.o [1]
Right_Black_K           0x1fff194c     0x4  Data  Gb  get_midline.o [1]
Right_Black_Lose        0x1fff340c     0x2  Data  Gb  get_midline.o [1]
Right_Black_Old         0x1fff1930     0x4  Data  Gb  get_midline.o [1]
Right_Black_fiveteen_lose
                        0x1fff3430     0x2  Data  Gb  get_midline.o [1]
Right_Black_fourtyfive_lose
                        0x1fff3428     0x2  Data  Gb  get_midline.o [1]
Right_Black_sixty_lose  0x1fff3424     0x2  Data  Gb  get_midline.o [1]
Right_Black_thrity_lose
                        0x1fff342c     0x2  Data  Gb  get_midline.o [1]
Right_Black_zero_lose   0x1fff3434     0x2  Data  Gb  get_midline.o [1]
Right_Board_Max         0x1fff1940     0x4  Data  Gb  get_midline.o [1]
Right_Board_Min         0x1fff193c     0x4  Data  Gb  get_midline.o [1]
Right_Many_Lose         0x1fff34b8     0x2  Data  Gb  get_midline.o [1]
Right_Motor             0x1fff1440     0x4  Data  Gb  Car_Control.o [1]
Right_Motor_Last        0x1fff1448     0x4  Data  Gb  Car_Control.o [1]
Right_No_Continue       0x1fff34a2     0x2  Data  Gb  get_midline.o [1]
Road_Kind               0x1fff34da     0x2  Data  Gb  get_midline.o [1]
Road_Kind_Last          0x1fff34dc     0x2  Data  Gb  get_midline.o [1]
Road_Kind_Mark          0x1fff34e0     0x2  Data  Gb  get_midline.o [1]
SCCB_Ack                0x0000bf7d    0x3c  Code  Lc  VCAN_SCCB.o [1]
SCCB_GPIO_init          0x0000bec3    0x28  Code  Gb  VCAN_SCCB.o [1]
SCCB_NoAck              0x0000bfb9    0x3c  Code  Lc  VCAN_SCCB.o [1]
SCCB_ReadByte           0x0000c159    0x2c  Code  Gb  VCAN_SCCB.o [1]
SCCB_ReadByte_one       0x0000c185    0x86  Code  Lc  VCAN_SCCB.o [1]
SCCB_ReceiveByte        0x0000c085    0x54  Code  Lc  VCAN_SCCB.o [1]
SCCB_SendByte           0x0000c041    0x44  Code  Lc  VCAN_SCCB.o [1]
SCCB_Start              0x0000beeb    0x5e  Code  Lc  VCAN_SCCB.o [1]
SCCB_Stop               0x0000bf49    0x34  Code  Lc  VCAN_SCCB.o [1]
SCCB_WaitAck            0x0000bff5    0x4c  Code  Lc  VCAN_SCCB.o [1]
SCCB_WriteByte          0x0000c0e9    0x28  Code  Gb  VCAN_SCCB.o [1]
SCCB_WriteByte_one      0x0000c111    0x48  Code  Lc  VCAN_SCCB.o [1]
SCCB_delay              0x0000bea9    0x1a  Code  Lc  VCAN_SCCB.o [1]
Send_Data_Up            0x0000a86d    0x44  Code  Gb  Car_Control.o [1]
SetMotorVoltage         0x0000b73d    0xb8  Code  Gb  Car_Control.o [1]
ShiZi_Handle            0x000042f9   0xa74  Code  Gb  get_midline.o [1]
Shizi_in                0x1fff34f0     0x2  Data  Gb  get_midline.o [1]
Shizi_out               0x1fff34f2     0x2  Data  Gb  get_midline.o [1]
Speed_Left              0x1fff13f0     0x4  Data  Gb  Car_Control.o [1]
Speed_Left_Last         0x1fff13fc     0x4  Data  Gb  Car_Control.o [1]
Speed_Left_Max          0x1fff1400     0x4  Data  Gb  Car_Control.o [1]
Speed_Loop_Control      0x0000ad71   0x386  Code  Gb  Car_Control.o [1]
Speed_Loop_Output       0x0000b119    0x92  Code  Gb  Car_Control.o [1]
Speed_Output_Count      0x1fff33f2     0x2  Data  Gb  Car_Control.o [1]
Speed_Right             0x1fff13f4     0x4  Data  Gb  Car_Control.o [1]
Speed_Right_Last        0x1fff13f8     0x4  Data  Gb  Car_Control.o [1]
Stand_Speed             0x1fff1384     0x4  Data  Gb  Car_Control.o [1]
Stand_Speed_Out_Out     0x1fff1398     0x4  Data  Gb  Car_Control.o [1]
Stand_Speed_Part_In     0x1fff13c0     0x4  Data  Gb  Car_Control.o [1]
Stand_Speed_Part_In_Now
                        0x1fff13b8     0x4  Data  Gb  Car_Control.o [1]
Stand_Speed_Part_In_Old
                        0x1fff13bc     0x4  Data  Gb  Car_Control.o [1]
Stop_Car                0x1fff33f0     0x2  Data  Gb  Car_Control.o [1]
Stop_Check              0x0000b829   0x106  Code  Gb  Car_Control.o [1]
Stop_Check_Begin_Count  0x1fff33f6     0x2  Data  Gb  Car_Control.o [1]
Stright_Ten_Road_Flag   0x1fff34ba     0x2  Data  Gb  get_midline.o [1]
System_Init             0x0000e669    0xd0  Code  Gb  main.o [1]
TBL                     0x1fff1968     0x4  Data  Gb  get_midline.o [1]
TBR                     0x1fff1970     0x4  Data  Gb  get_midline.o [1]
TKL                     0x1fff1964     0x4  Data  Gb  get_midline.o [1]
TKR                     0x1fff196c     0x4  Data  Gb  get_midline.o [1]
TLDI                    0x1fff3478     0x2  Data  Gb  get_midline.o [1]
TLDJ                    0x1fff347a     0x2  Data  Gb  get_midline.o [1]
TLUI                    0x1fff3480     0x2  Data  Gb  get_midline.o [1]
TLUJ                    0x1fff3482     0x2  Data  Gb  get_midline.o [1]
TRDI                    0x1fff347c     0x2  Data  Gb  get_midline.o [1]
TRDJ                    0x1fff347e     0x2  Data  Gb  get_midline.o [1]
TRUI                    0x1fff3484     0x2  Data  Gb  get_midline.o [1]
TRUJ                    0x1fff3486     0x2  Data  Gb  get_midline.o [1]
Time_Count              0x1fff33ee     0x2  Data  Gb  Car_Control.o [1]
UARTN                   0x1fff10b8    0x18  Data  Gb  MK60_uart.o [1]
Zebra_Mark              0x1fff34e8     0x2  Data  Gb  get_midline.o [1]
Zebra_Mark_Rea          0x1fff34ea     0x2  Data  Gb  get_midline.o [1]
Zebra_Mark_Rea_Timer    0x1fff34ec     0x2  Data  Gb  get_midline.o [1]
Zebra_Mark_Rea_Timer_Set
                        0x1fff046e     0x2  Data  Gb  get_midline.o [1]
Zebra_Mark_Time         0x1fff046c     0x2  Data  Gb  get_midline.o [1]
Zhidao_Flag             0x1fff34aa     0x2  Data  Gb  get_midline.o [1]
Zhidao_Real_Flag        0x1fff34ac     0x2  Data  Gb  get_midline.o [1]
_GenldLargeNoMb         0x00006b99   0x236  Code  Lc  xprintflarge_nomb.o [3]
_LdtobLargeNoMb         0x00006919   0x27a  Code  Lc  xprintflarge_nomb.o [3]
_LitobLargeNoMb         0x00006811   0x106  Code  Lc  xprintflarge_nomb.o [3]
_Locale_aeabi_lconv     0x1fff3558    0x38  Data  Gb  localeconv.o [3]
_Locale_lconv           0x1fff3508    0x50  Data  Gb  localeconv.o [3]
_PrintfLargeNoMb        0x00006229   0x574  Code  Gb  xprintflarge_nomb.o [3]
_Prout                  0x0000f289    0x16  Code  Gb  xprout.o [3]
_PutcharsLargeNoMb      0x00006dcf    0x2e  Code  Lc  xprintflarge_nomb.o [3]
__BOOT_STACK_ADDRESS {Abs}
                        0x2000fff8           --   Gb  command line/config [2]
__VECTOR_RAM {Abs}      0x1fff0000           --   Gb  command line/config [2]
__VECTOR_TABLE {Abs}    0x00000000           --   Gb  command line/config [2]
__aeabi_cdcmple         0x00005a81          Code  Gb  DblCmpLe.o [4]
__aeabi_cdrcmple        0x0000c371          Code  Gb  DblCmpGe.o [4]
__aeabi_cfcmpeq         0x0000c9bd          Code  Gb  FltCmpEq.o [4]
__aeabi_cfcmple         0x000058b1          Code  Gb  FltCmpLe.o [4]
__aeabi_cfrcmple        0x0000588d          Code  Gb  FltCmpGe.o [4]
__aeabi_d2f             0x00005659          Code  Gb  DblToFlt.o [4]
__aeabi_d2iz            0x000051d9          Code  Gb  DblToI32.o [4]
__aeabi_d2uiz           0x00005205          Code  Gb  DblToI32.o [4]
__aeabi_dadd            0x000050f1          Code  Gb  DblAdd.o [4]
__aeabi_ddiv            0x00007069          Code  Gb  DblDiv.o [4]
__aeabi_dmul            0x000056e9          Code  Gb  DblMul.o [4]
__aeabi_dsub            0x00005ab1          Code  Gb  DblSub.o [4]
__aeabi_errno_addr      0x0000d291     0x6  Code  Gb  errno.o [3]
__aeabi_f2d             0x00005609          Code  Gb  FltToDbl.o [4]
__aeabi_f2iz            0x000055c5          Code  Gb  FltToS32.o [4]
__aeabi_f2uiz           0x0000c999          Code  Gb  FltToU32.o [4]
__aeabi_fadd            0x00005541          Code  Gb  FltAdd.o [4]
__aeabi_fdiv            0x00005285          Code  Gb  FltDiv.o [4]
__aeabi_fmul            0x00005381          Code  Gb  FltMul.o [4]
__aeabi_fsub            0x00005459          Code  Gb  FltSub.o [4]
__aeabi_i2d             0x000050c1          Code  Gb  I32ToDbl.o [4]
__aeabi_i2f             0x00005231          Code  Gb  I32ToFlt.o [4]
__aeabi_ldiv0           0x0000732d          Code  Gb  I64DivZer.o [5]
__aeabi_ui2d            0x000050d5          Code  Gb  I32ToDbl.o [4]
__aeabi_ui2f            0x00005245          Code  Gb  I32ToFlt.o [4]
__aeabi_uldivmod        0x00006ec1          Code  Gb  I64DivMod.o [5]
__cmain                 0x0000f21d          Code  Gb  cmain.o [5]
__code_start__ {Abs}    0x00000410           --   Gb  command line/config [2]
__exit                  0x0000f24d          Code  Gb  XXexit.o [5]
__iar_Atan              0x0000d0b1   0x148  Code  Gb  xatan.o [4]
__iar_Dnorm             0x00007027    0x42  Code  Gb  xdnorm.o [4]
__iar_Errno             0x1fff3590     0x4  Data  Gb  errno.o [3]
__iar_Locale_lconv_init
                        0x000072b1    0x3a  Code  Gb  localeconv.o [3]
__iar_Memchr            0x00006e69          Code  Gb  memchr.o [5]
__iar_Stdout            0x1fff1148    0x40  Data  Gb  xfiles.o [3]
__iar_Strchr            0x00006e19          Code  Gb  strchr.o [5]
__iar_d2uiz             0x00005211          Code  Gb  DblToI32.o [4]
__iar_dadd              0x00005105          Code  Gb  DblAdd.o [4]
__iar_data_init3        0x0000f141    0x28  Code  Gb  data_init.o [5]
__iar_dlib_perthread_access
                        0x0000732f     0x2  Code  Gb  xtls.o [3]
__iar_dsub              0x00005ac5          Code  Gb  DblSub.o [4]
__iar_dsubStart         0x00005ad7          Code  Gb  DblSub.o [4]
__iar_edom              0x0000d29d          Code  Gb  iarEdom.o [5]
__iar_fadd              0x00005551          Code  Gb  FltAdd.o [4]
__iar_fsub              0x00005469          Code  Gb  FltSub.o [4]
__iar_fsubStart         0x00005479          Code  Gb  FltSub.o [4]
__iar_program_start     0x0000f439          Code  Gb  cstartup_M.o [5]
__iar_sqrt              0x0000cf6d          Code  Gb  sqrt.o [4]
__iar_ui2d              0x000050d9          Code  Gb  I32ToDbl.o [4]
__iar_ui2f              0x00005249          Code  Gb  I32ToFlt.o [4]
__iar_unaligned___aeabi_memcpy
                        0x00006fb1          Code  Gb  ABImemcpy_unaligned.o [5]
__iar_unaligned___aeabi_memcpy4
                        0x00006fd1          Code  Gb  ABImemcpy_unaligned.o [5]
__iar_unaligned___aeabi_memcpy8
                        0x00006fd1          Code  Gb  ABImemcpy_unaligned.o [5]
__iar_zero_init3        0x00005263    0x22  Code  Gb  zero_init3.o [5]
__low_level_init        0x0000f237     0x4  Code  Gb  low_level_init.o [3]
__vector_table          0x00000000   0x410  Data  Gb  vectors.o [1]
_call_main              0x0000f229          Code  Gb  cmain.o [5]
_exit                   0x0000f241          Code  Gb  cexit.o [5]
_main                   0x0000f233          Code  Gb  cmain.o [5]
a                       0x0000d250    0x40  Data  Lc  xatan.o [4]
abs                     0x000058d5     0x8  Code  Gb  abs.o [3]
asin                    0x0000c3a1    0xf0  Code  Gb  asin.o [4]
assert_failed           0x00005d0b    0x22  Code  Gb  MK60_conf.o [1]
bit16_data16            0x1fff3358     0x8  Data  Gb  main.o [1]
bit8_data               0x1fff3340     0x8  Data  Gb  main.o [1]
bus_clk_khz             0x1fff338c     0x4  Data  Gb  system_MK60DZ10.o [1]
common_startup          0x0000ec23    0x98  Code  Gb  system_MK60DZ10.o [1]
core_clk_khz            0x1fff3384     0x4  Data  Gb  system_MK60DZ10.o [1]
core_clk_mhz            0x1fff3388     0x4  Data  Gb  system_MK60DZ10.o [1]
default_isr             0x00005ddb    0x30  Code  Gb  MK60_conf.o [1]
div                     0x0000731d     0xe  Code  Gb  div.o [3]
dma_gpio_input_init     0x0000bc25    0x5c  Code  Lc  MK60_dma.o [1]
dma_portx2buff_init     0x0000bc81   0x1f4  Code  Gb  MK60_dma.o [1]
exit                    0x0000f23b     0x4  Code  Gb  exit.o [3]
fDL                     0x1fff13e0     0x4  Data  Gb  Car_Control.o [1]
fDR                     0x1fff13e4     0x4  Data  Gb  Car_Control.o [1]
fGyroscopeAngleIntegral
                        0x1fff1350     0x8  Data  Gb  Car_Control.o [1]
fIL                     0x1fff13e8     0x4  Data  Gb  Car_Control.o [1]
fIR                     0x1fff13ec     0x4  Data  Gb  Car_Control.o [1]
fLeft                   0x1fff137c     0x4  Data  Gb  Car_Control.o [1]
fLeftVal                0x1fff3370     0x4  Data  Gb  main.o [1]
fPL                     0x1fff13d8     0x4  Data  Gb  Car_Control.o [1]
fPR                     0x1fff13dc     0x4  Data  Gb  Car_Control.o [1]
fRight                  0x1fff1380     0x4  Data  Gb  Car_Control.o [1]
fRightVal               0x1fff3374     0x4  Data  Gb  main.o [1]
flag                    0x1fff0928     0x1  Data  Gb  Key.o [1]
flash_cmd               0x1fff1199    0x20  Code  Gb  MK60_flash.o [1]
flash_erase_sector      0x1fff11e9    0x58  Code  Gb  MK60_flash.o [1]
flash_init              0x1fff11b9    0x30  Code  Gb  MK60_flash.o [1]
flash_write             0x1fff1241    0x8e  Code  Gb  MK60_flash.o [1]
fputc                   0x00005d2d    0x14  Code  Gb  MK60_conf.o [1]
ftm_mod                 0x1fff3378     0xc  Data  Lc  MK60_ftm.o [1]
ftm_pwm_duty            0x0000c73f    0xe4  Code  Gb  MK60_ftm.o [1]
ftm_pwm_init            0x0000c5b1   0x18e  Code  Gb  MK60_ftm.o [1]
ftm_quad_clean          0x0000c955    0x28  Code  Gb  MK60_ftm.o [1]
ftm_quad_get            0x0000c929    0x2c  Code  Gb  MK60_ftm.o [1]
ftm_quad_init           0x0000c823   0x106  Code  Gb  MK60_ftm.o [1]
g_dLeftMotorPulseSigma  0x1fff1450     0x4  Data  Gb  Car_Control.o [1]
g_dRightMotorPulseSigma
                        0x1fff1454     0x4  Data  Gb  Car_Control.o [1]
g_fAngleControlOut      0x1fff13cc     0x4  Data  Gb  Car_Control.o [1]
g_fAngleControlOut_Last
                        0x1fff13d0     0x4  Data  Gb  Car_Control.o [1]
g_fAngleandSpeed        0x1fff13d4     0x4  Data  Gb  Car_Control.o [1]
g_fCarSpeedSet          0x1fff042c     0x4  Data  Gb  Car_Control.o [1]
g_fCarSpeedSet_Max      0x1fff1378     0x4  Data  Gb  Car_Control.o [1]
g_fCarSpeedSet_Start    0x1fff0430     0x4  Data  Gb  Car_Control.o [1]
g_fDirectionControlOut  0x1fff144c     0x4  Data  Gb  Car_Control.o [1]
g_fGravityAngle         0x1fff1360     0x8  Data  Gb  Car_Control.o [1]
g_fGyroscopeAngleSpeed  0x1fff1358     0x8  Data  Gb  Car_Control.o [1]
g_fSpeedControlD        0x1fff0428     0x4  Data  Gb  Car_Control.o [1]
g_fSpeedControlDeltaL   0x1fff142c     0x4  Data  Gb  Car_Control.o [1]
g_fSpeedControlDeltaR   0x1fff1430     0x4  Data  Gb  Car_Control.o [1]
g_fSpeedControlI        0x1fff1374     0x4  Data  Gb  Car_Control.o [1]
g_fSpeedControlIntegralL
                        0x1fff1414     0x4  Data  Gb  Car_Control.o [1]
g_fSpeedControlIntegralR
                        0x1fff1418     0x4  Data  Gb  Car_Control.o [1]
g_fSpeedControlOutL     0x1fff1434     0x4  Data  Gb  Car_Control.o [1]
g_fSpeedControlOutL_Max
                        0x1fff044c     0x4  Data  Gb  Car_Control.o [1]
g_fSpeedControlOutNewL  0x1fff1420     0x4  Data  Gb  Car_Control.o [1]
g_fSpeedControlOutNewR  0x1fff1428     0x4  Data  Gb  Car_Control.o [1]
g_fSpeedControlOutOldL  0x1fff141c     0x4  Data  Gb  Car_Control.o [1]
g_fSpeedControlOutOldR  0x1fff1424     0x4  Data  Gb  Car_Control.o [1]
g_fSpeedControlOutR     0x1fff1438     0x4  Data  Gb  Car_Control.o [1]
g_fSpeedControlP        0x1fff0420     0x4  Data  Gb  Car_Control.o [1]
g_fSpeedControlP_Init   0x1fff0424     0x4  Data  Gb  Car_Control.o [1]
g_fSpeedDeltaL          0x1fff1404     0x4  Data  Gb  Car_Control.o [1]
g_fSpeedDeltaPreL       0x1fff140c     0x4  Data  Gb  Car_Control.o [1]
g_fSpeedDeltaPreR       0x1fff1410     0x4  Data  Gb  Car_Control.o [1]
g_fSpeedDeltaR          0x1fff1408     0x4  Data  Gb  Car_Control.o [1]
getkey                  0x000073ad    0x74  Code  Gb  Key.o [1]
gpio_get                0x00005a39    0x3e  Code  Gb  MK60_gpio.o [1]
gpio_init               0x000058dd    0xae  Code  Gb  MK60_gpio.o [1]
gpio_set                0x0000598b    0x74  Code  Gb  MK60_gpio.o [1]
gpio_turn               0x000059ff    0x3a  Code  Gb  MK60_gpio.o [1]
i                       0x1fff146c     0x4  Data  Gb  get_midline.o [1]
i2c_delay               0x0000cc69    0x20  Code  Gb  MK60_i2c.o [1]
i2c_init                0x0000cb2d   0x13a  Code  Gb  MK60_i2c.o [1]
i2c_read_reg_16bit      0x0000cc89   0x1e2  Code  Gb  MK60_i2c.o [1]
i2c_write_reg           0x0000ce6b    0xd2  Code  Gb  MK60_i2c.o [1]
iMax                    0x1fff3452     0x2  Data  Gb  get_midline.o [1]
iMin                    0x1fff3454     0x2  Data  Gb  get_midline.o [1]
ii                      0x1fff1478     0x4  Data  Gb  get_midline.o [1]
img                     0x1fff2080  0x12c0  Data  Gb  main.o [1]
img_extract             0x0000a795    0x94  Code  Gb  VCAN_camera.o [1]
imgbuff                 0x1fff1978   0x4b0  Data  Gb  main.o [1]
imgbuff_trans           0x1fff1e28   0x258  Data  Gb  main.o [1]
j                       0x1fff1470     0x4  Data  Gb  get_midline.o [1]
jj                      0x1fff1474     0x4  Data  Gb  get_midline.o [1]
key_check               0x00006165    0x2a  Code  Gb  VCAN_key.o [1]
key_get                 0x0000614b    0x1a  Code  Gb  VCAN_key.o [1]
key_init                0x000060f9    0x52  Code  Gb  VCAN_key.o [1]
key_time_count          0x1fff0924     0x4  Data  Gb  Key.o [1]
keycount                0x1fff34f4     0x2  Data  Gb  Key.o [1]
keycurrent              0x1fff3503     0x1  Data  Gb  Key.o [1]
keypress                0x1fff3502     0x1  Data  Gb  Key.o [1]
keyvalue                0x1fff3501     0x1  Data  Gb  Key.o [1]
keyzhuangtai            0x1fff0929     0x1  Data  Gb  Key.o [1]
led_init                0x00006195    0x3a  Code  Gb  VCAN_LED.o [1]
led_turn                0x000061cf    0x32  Code  Gb  VCAN_LED.o [1]
localeconv              0x000072eb    0x16  Code  Gb  localeconv.o [3]
main                    0x0000e42b    0xc0  Code  Gb  main.o [1]
main_scan               0x000074f3   0x180  Code  Gb  Key.o [1]
mcg_cfg                 0x1fff105c    0x44  Data  Gb  MK60_mcg.o [1]
mcg_div                 0x1fff10a0     0x4  Data  Gb  MK60_mcg.o [1]
mcg_div_count           0x0000e029   0x2fa  Code  Gb  MK60_mcg.o [1]
memchr                  0x00006e69          Code  Gb  memchr.o [5]
obuf                    0x1fff3394    0x50  Data  Lc  xfiles.o [3]
ov7725_eagle_cfgnum     0x1fff1144     0x1  Data  Gb  VCAN_OV7725_Eagle.o [1]
ov7725_eagle_dma        0x0000a641    0x14  Code  Gb  VCAN_OV7725_Eagle.o [1]
ov7725_eagle_get_img    0x0000a655    0x42  Code  Gb  VCAN_OV7725_Eagle.o [1]
ov7725_eagle_img_buff   0x1fff3390     0x4  Data  Gb  VCAN_OV7725_Eagle.o [1]
ov7725_eagle_img_flag   0x1fff10dc     0x1  Data  Gb  VCAN_OV7725_Eagle.o [1]
ov7725_eagle_init       0x0000a589    0x18  Code  Gb  VCAN_OV7725_Eagle.o [1]
ov7725_eagle_port_init  0x0000a5a1    0x54  Code  Lc  VCAN_OV7725_Eagle.o [1]
ov7725_eagle_reg        0x1fff10e0    0x64  Data  Gb  VCAN_OV7725_Eagle.o [1]
ov7725_eagle_reg_init   0x0000a697    0xb0  Code  Lc  VCAN_OV7725_Eagle.o [1]
ov7725_eagle_vsync      0x0000a5f5    0x4c  Code  Gb  VCAN_OV7725_Eagle.o [1]
plan_Chose              0x0000ba61    0x9c  Code  Gb  Car_Control.o [1]
pll_init                0x0000e323    0xb2  Code  Gb  MK60_mcg.o [1]
port_init               0x00005c31    0x44  Code  Gb  MK60_port.o [1]
port_init_NoALT         0x00005c75    0x62  Code  Gb  MK60_port.o [1]
printf                  0x00006205    0x24  Code  Gb  printf.o [3]
putchar                 0x0000f2a1     0xc  Code  Gb  putchar.o [3]
qipao                   0x1fff092a     0x1  Data  Gb  main.o [1]
readkey                 0x00007421    0xd2  Code  Gb  Key.o [1]
send_data               0x1fff3348    0x10  Data  Gb  main.o [1]
set_sys_dividers        0x1fff1301    0x50  Code  Gb  MK60_mcg.o [1]
set_vector_handler      0x0000e7a7    0x22  Code  Gb  misc.o [1]
sqrt                    0x0000cf6d          Code  Gb  sqrt.o [4]
sqrtl                   0x0000cf6d          Code  Gb  sqrt.o [4]
start                   0x0000ebc5    0x22  Code  Gb  system_MK60DZ10.o [1]
start_check             0x00005d41    0x9a  Code  Gb  MK60_conf.o [1]
strchr                  0x00006e19          Code  Gb  strchr.o [5]
strlen                  0x00006e31          Code  Gb  strlen.o [5]
sysinit                 0x0000ebe7    0x3c  Code  Gb  system_MK60DZ10.o [1]
systick_delay           0x00006095    0x36  Code  Gb  MK60_SysTick.o [1]
systick_delay_ms        0x000060cb    0x18  Code  Gb  MK60_SysTick.o [1]
uart_init               0x00005e2d   0x214  Code  Gb  MK60_uart.o [1]
uart_putchar            0x00006041    0x1a  Code  Gb  MK60_uart.o [1]
uart_putstr             0x0000605b    0x20  Code  Gb  MK60_uart.o [1]
vector_str              0x1fff092c   0x708  Data  Gb  MK60_conf.o [1]
wdog_disable            0x0000ecf5    0x16  Code  Gb  MK60_wdog.o [1]
wdog_unlock             0x0000ed0b    0x20  Code  Lc  MK60_wdog.o [1]
windows                 0x00007673    0x98  Code  Gb  Key.o [1]
windows1                0x0000770b    0x34  Code  Gb  Key.o [1]
windows2                0x0000773f    0x34  Code  Gb  Key.o [1]
windows3                0x00007773    0x34  Code  Gb  Key.o [1]
windows4                0x000077a7    0x34  Code  Gb  Key.o [1]
write_vtor              0x0000e785    0x22  Code  Gb  misc.o [1]
zhenTMdeyuanhuan_IN_FLAG
                        0x1fff34d2     0x2  Data  Gb  get_midline.o [1]


[1] = F:\斯达迪\freescale\【验证及调试】\“暗湧六號D”\Dark_River\Prj\IAR\DZ10_Debug\Obj
[2] = command line
[3] = dl7M_tlf.a
[4] = m7M_tl.a
[5] = rt7M_tl.a

  55 290 bytes of readonly  code memory
     456 bytes of readwrite code memory
   7 486 bytes of readonly  data memory
  12 219 bytes of readwrite data memory

Errors: none
Warnings: none
