###############################################################################
#
# IAR ELF Linker V7.30.4.8167/W32 for ARM                 26/Dec/2016  12:13:14
# Copyright 2007-2014 IAR Systems AB.
#
#    Output file  =  
#        F:\斯达迪\freescale\【验证及调试】\“暗涌一号”\LITTLE_FOOL\Prj\IAR\FN15_Debug\Exe\vcan_Kinetis.out
#    Map file     =  
#        F:\斯达迪\freescale\【验证及调试】\“暗涌一号”\LITTLE_FOOL\Prj\IAR\FN15_Debug\List\vcan_Kinetis.map
#    Command line =  
#        F:\斯达迪\freescale\【验证及调试】\“暗涌一号”\LITTLE_FOOL\Prj\IAR\FN15_Debug\Obj\8700_2100.o
#        F:\斯达迪\freescale\【验证及调试】\“暗涌一号”\LITTLE_FOOL\Prj\IAR\FN15_Debug\Obj\Car_Control.o
#        F:\斯达迪\freescale\【验证及调试】\“暗涌一号”\LITTLE_FOOL\Prj\IAR\FN15_Debug\Obj\diskio.o
#        F:\斯达迪\freescale\【验证及调试】\“暗涌一号”\LITTLE_FOOL\Prj\IAR\FN15_Debug\Obj\ff.o
#        F:\斯达迪\freescale\【验证及调试】\“暗涌一号”\LITTLE_FOOL\Prj\IAR\FN15_Debug\Obj\get_midline.o
#        F:\斯达迪\freescale\【验证及调试】\“暗涌一号”\LITTLE_FOOL\Prj\IAR\FN15_Debug\Obj\Karman.o
#        F:\斯达迪\freescale\【验证及调试】\“暗涌一号”\LITTLE_FOOL\Prj\IAR\FN15_Debug\Obj\Key.o
#        F:\斯达迪\freescale\【验证及调试】\“暗涌一号”\LITTLE_FOOL\Prj\IAR\FN15_Debug\Obj\main.o
#        F:\斯达迪\freescale\【验证及调试】\“暗涌一号”\LITTLE_FOOL\Prj\IAR\FN15_Debug\Obj\misc.o
#        F:\斯达迪\freescale\【验证及调试】\“暗涌一号”\LITTLE_FOOL\Prj\IAR\FN15_Debug\Obj\MK60_adc.o
#        F:\斯达迪\freescale\【验证及调试】\“暗涌一号”\LITTLE_FOOL\Prj\IAR\FN15_Debug\Obj\MK60_can.o
#        F:\斯达迪\freescale\【验证及调试】\“暗涌一号”\LITTLE_FOOL\Prj\IAR\FN15_Debug\Obj\MK60_conf.o
#        F:\斯达迪\freescale\【验证及调试】\“暗涌一号”\LITTLE_FOOL\Prj\IAR\FN15_Debug\Obj\MK60_dac.o
#        F:\斯达迪\freescale\【验证及调试】\“暗涌一号”\LITTLE_FOOL\Prj\IAR\FN15_Debug\Obj\MK60_dma.o
#        F:\斯达迪\freescale\【验证及调试】\“暗涌一号”\LITTLE_FOOL\Prj\IAR\FN15_Debug\Obj\MK60_DWT.o
#        F:\斯达迪\freescale\【验证及调试】\“暗涌一号”\LITTLE_FOOL\Prj\IAR\FN15_Debug\Obj\MK60_flash.o
#        F:\斯达迪\freescale\【验证及调试】\“暗涌一号”\LITTLE_FOOL\Prj\IAR\FN15_Debug\Obj\MK60_flexbus.o
#        F:\斯达迪\freescale\【验证及调试】\“暗涌一号”\LITTLE_FOOL\Prj\IAR\FN15_Debug\Obj\MK60_ftm.o
#        F:\斯达迪\freescale\【验证及调试】\“暗涌一号”\LITTLE_FOOL\Prj\IAR\FN15_Debug\Obj\MK60_gpio.o
#        F:\斯达迪\freescale\【验证及调试】\“暗涌一号”\LITTLE_FOOL\Prj\IAR\FN15_Debug\Obj\MK60_i2c.o
#        F:\斯达迪\freescale\【验证及调试】\“暗涌一号”\LITTLE_FOOL\Prj\IAR\FN15_Debug\Obj\MK60_it.o
#        F:\斯达迪\freescale\【验证及调试】\“暗涌一号”\LITTLE_FOOL\Prj\IAR\FN15_Debug\Obj\MK60_lptmr.o
#        F:\斯达迪\freescale\【验证及调试】\“暗涌一号”\LITTLE_FOOL\Prj\IAR\FN15_Debug\Obj\MK60_mcg.o
#        F:\斯达迪\freescale\【验证及调试】\“暗涌一号”\LITTLE_FOOL\Prj\IAR\FN15_Debug\Obj\MK60_PIT.o
#        F:\斯达迪\freescale\【验证及调试】\“暗涌一号”\LITTLE_FOOL\Prj\IAR\FN15_Debug\Obj\MK60_port.o
#        F:\斯达迪\freescale\【验证及调试】\“暗涌一号”\LITTLE_FOOL\Prj\IAR\FN15_Debug\Obj\MK60_rtc.o
#        F:\斯达迪\freescale\【验证及调试】\“暗涌一号”\LITTLE_FOOL\Prj\IAR\FN15_Debug\Obj\MK60_sdhc.o
#        F:\斯达迪\freescale\【验证及调试】\“暗涌一号”\LITTLE_FOOL\Prj\IAR\FN15_Debug\Obj\MK60_spi.o
#        F:\斯达迪\freescale\【验证及调试】\“暗涌一号”\LITTLE_FOOL\Prj\IAR\FN15_Debug\Obj\MK60_SysTick.o
#        F:\斯达迪\freescale\【验证及调试】\“暗涌一号”\LITTLE_FOOL\Prj\IAR\FN15_Debug\Obj\MK60_uart.o
#        F:\斯达迪\freescale\【验证及调试】\“暗涌一号”\LITTLE_FOOL\Prj\IAR\FN15_Debug\Obj\MK60_usb.o
#        F:\斯达迪\freescale\【验证及调试】\“暗涌一号”\LITTLE_FOOL\Prj\IAR\FN15_Debug\Obj\MK60_wdog.o
#        F:\斯达迪\freescale\【验证及调试】\“暗涌一号”\LITTLE_FOOL\Prj\IAR\FN15_Debug\Obj\Serial_oscilloscope.o
#        F:\斯达迪\freescale\【验证及调试】\“暗涌一号”\LITTLE_FOOL\Prj\IAR\FN15_Debug\Obj\startup_MK60DZ10.o
#        F:\斯达迪\freescale\【验证及调试】\“暗涌一号”\LITTLE_FOOL\Prj\IAR\FN15_Debug\Obj\system_MK60DZ10.o
#        F:\斯达迪\freescale\【验证及调试】\“暗涌一号”\LITTLE_FOOL\Prj\IAR\FN15_Debug\Obj\USB.o
#        F:\斯达迪\freescale\【验证及调试】\“暗涌一号”\LITTLE_FOOL\Prj\IAR\FN15_Debug\Obj\USB_CDC.o
#        F:\斯达迪\freescale\【验证及调试】\“暗涌一号”\LITTLE_FOOL\Prj\IAR\FN15_Debug\Obj\VCAN_ASCII.o
#        F:\斯达迪\freescale\【验证及调试】\“暗涌一号”\LITTLE_FOOL\Prj\IAR\FN15_Debug\Obj\VCAN_BMP.o
#        F:\斯达迪\freescale\【验证及调试】\“暗涌一号”\LITTLE_FOOL\Prj\IAR\FN15_Debug\Obj\VCAN_camera.o
#        F:\斯达迪\freescale\【验证及调试】\“暗涌一号”\LITTLE_FOOL\Prj\IAR\FN15_Debug\Obj\VCAN_computer.o
#        F:\斯达迪\freescale\【验证及调试】\“暗涌一号”\LITTLE_FOOL\Prj\IAR\FN15_Debug\Obj\vcan_img2sd.o
#        F:\斯达迪\freescale\【验证及调试】\“暗涌一号”\LITTLE_FOOL\Prj\IAR\FN15_Debug\Obj\VCAN_key.o
#        F:\斯达迪\freescale\【验证及调试】\“暗涌一号”\LITTLE_FOOL\Prj\IAR\FN15_Debug\Obj\VCAN_key_event.o
#        F:\斯达迪\freescale\【验证及调试】\“暗涌一号”\LITTLE_FOOL\Prj\IAR\FN15_Debug\Obj\VCAN_LCD.o
#        F:\斯达迪\freescale\【验证及调试】\“暗涌一号”\LITTLE_FOOL\Prj\IAR\FN15_Debug\Obj\VCAN_LCD_CH.o
#        F:\斯达迪\freescale\【验证及调试】\“暗涌一号”\LITTLE_FOOL\Prj\IAR\FN15_Debug\Obj\VCAN_LCD_ILI9341.o
#        F:\斯达迪\freescale\【验证及调试】\“暗涌一号”\LITTLE_FOOL\Prj\IAR\FN15_Debug\Obj\VCAN_LCD_ST7735R.o
#        F:\斯达迪\freescale\【验证及调试】\“暗涌一号”\LITTLE_FOOL\Prj\IAR\FN15_Debug\Obj\VCAN_LCD_ST7735S.o
#        F:\斯达迪\freescale\【验证及调试】\“暗涌一号”\LITTLE_FOOL\Prj\IAR\FN15_Debug\Obj\VCAN_LED.o
#        F:\斯达迪\freescale\【验证及调试】\“暗涌一号”\LITTLE_FOOL\Prj\IAR\FN15_Debug\Obj\VCAN_MMA7455.o
#        F:\斯达迪\freescale\【验证及调试】\“暗涌一号”\LITTLE_FOOL\Prj\IAR\FN15_Debug\Obj\VCAN_NRF24L0.o
#        F:\斯达迪\freescale\【验证及调试】\“暗涌一号”\LITTLE_FOOL\Prj\IAR\FN15_Debug\Obj\VCAN_NRF24L0_MSG.o
#        F:\斯达迪\freescale\【验证及调试】\“暗涌一号”\LITTLE_FOOL\Prj\IAR\FN15_Debug\Obj\VCAN_OV7725_Eagle.o
#        F:\斯达迪\freescale\【验证及调试】\“暗涌一号”\LITTLE_FOOL\Prj\IAR\FN15_Debug\Obj\VCAN_OV7725_Wolf.o
#        F:\斯达迪\freescale\【验证及调试】\“暗涌一号”\LITTLE_FOOL\Prj\IAR\FN15_Debug\Obj\VCAN_RTC_count.o
#        F:\斯达迪\freescale\【验证及调试】\“暗涌一号”\LITTLE_FOOL\Prj\IAR\FN15_Debug\Obj\VCAN_SCCB.o
#        F:\斯达迪\freescale\【验证及调试】\“暗涌一号”\LITTLE_FOOL\Prj\IAR\FN15_Debug\Obj\vcan_sd_app.o
#        F:\斯达迪\freescale\【验证及调试】\“暗涌一号”\LITTLE_FOOL\Prj\IAR\FN15_Debug\Obj\Vcan_touch.o
#        F:\斯达迪\freescale\【验证及调试】\“暗涌一号”\LITTLE_FOOL\Prj\IAR\FN15_Debug\Obj\VCAN_TSL1401.o
#        F:\斯达迪\freescale\【验证及调试】\“暗涌一号”\LITTLE_FOOL\Prj\IAR\FN15_Debug\Obj\VCAN_UI_VAR.o
#        F:\斯达迪\freescale\【验证及调试】\“暗涌一号”\LITTLE_FOOL\Prj\IAR\FN15_Debug\Obj\vectors.o
#        --redirect _Printf=_PrintfLargeNoMb --redirect _Scanf=_ScanfLargeNoMb
#        -o
#        F:\斯达迪\freescale\【验证及调试】\“暗涌一号”\LITTLE_FOOL\Prj\IAR\FN15_Debug\Exe\vcan_Kinetis.out
#        --map
#        F:\斯达迪\freescale\【验证及调试】\“暗涌一号”\LITTLE_FOOL\Prj\IAR\FN15_Debug\List\vcan_Kinetis.map
#        --config
#        "F:\斯达迪\freescale\【验证及调试】\“暗涌一号”\LITTLE_FOOL\Prj\IAR\config
#        files\vcan_ROM_K60N1M.icf"
#        F:\斯达迪\freescale\【验证及调试】\“暗涌一号”\LITTLE_FOOL\Prj\IAR\..\..\Lib\CMSIS\iar_cortexM4l_math.a
#        --entry __iar_program_start --redirect __write=__write_buffered --vfe
#
###############################################################################

*******************************************************************************
*** RUNTIME MODEL ATTRIBUTES
***

CppFlavor       = *
__SystemLibrary = DLib


*******************************************************************************
*** PLACEMENT SUMMARY
***

"A1":  place at 0x00000000 { ro section .intvec };
"A2":  place at 0x00000410 { ro section .noinit };
"P1":  place in [from 0x00000000 to 0x00100000] { ro, block CodeRelocate };
"P2":  place in [from 0x1fff0410 to 0x20010000] {
          rw, block CodeRelocateRam, block CSTACK, block HEAP };

  Section              Kind        Address    Size  Object
  -------              ----        -------    ----  ------
"A1":                                        0x410
  .intvec              const    0x00000000   0x410  vectors.o [1]
                              - 0x00000410   0x410

"A2":                                          0x8
  .noinit              ro code  0x00000410     0x8  startup_MK60DZ10.o [1]
                              - 0x00000418     0x8

"P1":                                       0xa06c
  .text                ro code  0x00000418  0x2624  get_midline.o [1]
  .text                ro code  0x00002a3c    0x76  ABImemcpy_unaligned.o [5]
  .text                ro code  0x00002ab2    0x22  zero_init3.o [5]
  .text                ro code  0x00002ad4  0x1b9c  Key.o [1]
  .text                ro code  0x00004670   0x1a4  MK60_gpio.o [1]
  .text                ro code  0x00004814    0xb0  MK60_port.o [1]
  .text                ro code  0x000048c4   0x794  VCAN_LCD.o [1]
  .text                ro code  0x00005058    0x4e  FltToDbl.o [4]
  .rodata              const    0x000050a6     0x2  VCAN_camera.o [1]
  .text                ro code  0x000050a8    0xe8  DblAdd.o [4]
  .text                ro code  0x00005190    0x90  DblToFlt.o [4]
  .text                ro code  0x00005220    0xd4  VCAN_OV7725_Eagle.o [1]
  .text                ro code  0x000052f4    0x94  VCAN_camera.o [1]
  .text                ro code  0x00005388   0xe30  Car_Control.o [1]
  Veneer               ro code  0x000061b8     0x8  - Linker created -
  Veneer               ro code  0x000061c0     0x8  - Linker created -
  .text                ro code  0x000061c8   0x140  MK60_conf.o [1]
  .text                ro code  0x00006308   0x180  DblSub.o [4]
  .text                ro code  0x00006488   0x1a2  DblMul.o [4]
  .text                ro code  0x0000662c   0x246  DblDiv.o [4]
  .text                ro code  0x00006874   0x5ec  MK60_ftm.o [1]
  .text                ro code  0x00006e60     0x8  abs.o [3]
  .text                ro code  0x00006e68    0x2e  DblCmpGe.o [4]
  .text                ro code  0x00006e98    0x2e  DblCmpLe.o [4]
  .text                ro code  0x00006ec8    0x64  MK60_SysTick.o [1]
  .text                ro code  0x00006f2c    0x70  VCAN_LED.o [1]
  .text                ro code  0x00006f9c    0x24  printf.o [3]
  .text                ro code  0x00006fc0   0x248  MK60_uart.o [1]
  .text                ro code  0x00007208    0x9c  VCAN_key.o [1]
  .text                ro code  0x000072a4   0xbee  xprintflarge_nomb.o [3]
  .text                ro code  0x00007e94    0x16  strchr.o [5]
  .text                ro code  0x00007eac    0x36  strlen.o [5]
  .text                ro code  0x00007ee4    0x58  memchr.o [5]
  .text                ro code  0x00007f3c    0xee  I64DivMod.o [5]
  .text                ro code  0x0000802a    0x42  xdnorm.o [4]
  .text                ro code  0x0000806c    0x2c  DblToI32.o [4]
  .text                ro code  0x00008098    0x1c  I32ToDbl.o [4]
  .text                ro code  0x000080b4    0x6c  localeconv.o [3]
  .text                ro code  0x00008120     0xe  div.o [3]
  .text                ro code  0x00008130     0x2  I64DivZer.o [5]
  .text                ro code  0x00008132     0x2  xtls.o [3]
  .data_init                    0x00008134   0x854  <Block>
    Initializer bytes  const    0x00008134   0x854  <for .data-1>
  Veneer               ro code  0x00008988     0x8  - Linker created -
  .text                ro code  0x00008990   0x3d4  MK60_mcg.o [1]
  .text                ro code  0x00008d64   0x3b4  MK60_i2c.o [1]
  .text                ro code  0x00009118   0x324  main.o [1]
  .text                ro code  0x0000943c    0x50  misc.o [1]
  .text                ro code  0x0000948c    0xb0  8700_2100.o [1]
  .text                ro code  0x0000953c    0x7c  MK60_PIT.o [1]
  .rodata              const    0x000095b8   0x228  VCAN_LCD.o [1]
  CodeRelocate                  0x000097e0   0x1f0  <Block>
    Initializer bytes  const    0x000097e0   0x1f0  <for CodeRelocateRam-1>
  .text                ro code  0x000099d0   0x130  system_MK60DZ10.o [1]
  .text                ro code  0x00009b00    0x40  MK60_wdog.o [1]
  .rodata              const    0x00009b40   0x118  VCAN_LCD.o [1]
  .rodata              const    0x00009c58    0xf0  get_midline.o [1]
  .rodata              const    0x00009d48    0xf0  get_midline.o [1]
  .rodata              const    0x00009e38    0x80  MK60_i2c.o [1]
  .rodata              const    0x00009eb8    0x54  MK60_flash.o [1]
  .rodata              const    0x00009f0c    0x54  MK60_gpio.o [1]
  .rodata              const    0x00009f60    0x54  MK60_SysTick.o [1]
  .rodata              const    0x00009fb4    0x54  MK60_uart.o [1]
  .rodata              const    0x0000a008    0x50  MK60_ftm.o [1]
  .rodata              const    0x0000a058    0x50  MK60_i2c.o [1]
  .rodata              const    0x0000a0a8    0x50  MK60_PIT.o [1]
  .rodata              const    0x0000a0f8    0x4c  misc.o [1]
  .rodata              const    0x0000a144    0x3c  MK60_conf.o [1]
  .text                ro code  0x0000a180    0x28  data_init.o [5]
  .rodata              const    0x0000a1a8    0x24  MK60_conf.o [1]
  .text                ro code  0x0000a1cc    0x22  fpinit_M.o [4]
  .iar.init_table      const    0x0000a1f0    0x10  - Linker created -
  .rodata              const    0x0000a200    0x20  MK60_conf.o [1]
  .rodata              const    0x0000a220    0x1c  VCAN_LCD.o [1]
  .text                ro code  0x0000a23c    0x1a  cmain.o [5]
  .text                ro code  0x0000a256     0x4  low_level_init.o [3]
  .text                ro code  0x0000a25a     0x4  exit.o [3]
  .text                ro code  0x0000a260     0xa  cexit.o [5]
  .text                ro code  0x0000a26c     0xc  XXexit.o [5]
  .text                ro code  0x0000a278    0x16  xprout.o [3]
  .text                ro code  0x0000a290     0xc  putchar.o [3]
  .rodata              const    0x0000a29c    0x14  MK60_conf.o [1]
  .rodata              const    0x0000a2b0    0x10  Key.o [1]
  .rodata              const    0x0000a2c0    0x10  Key.o [1]
  .rodata              const    0x0000a2d0    0x10  Key.o [1]
  .rodata              const    0x0000a2e0    0x10  Key.o [1]
  .rodata              const    0x0000a2f0    0x10  Key.o [1]
  .rodata              const    0x0000a300    0x10  Key.o [1]
  .rodata              const    0x0000a310    0x10  Key.o [1]
  .rodata              const    0x0000a320    0x10  Key.o [1]
  .rodata              const    0x0000a330    0x10  Key.o [1]
  .rodata              const    0x0000a340    0x10  Key.o [1]
  .rodata              const    0x0000a350    0x10  Key.o [1]
  .rodata              const    0x0000a360    0x10  Key.o [1]
  .rodata              const    0x0000a370    0x10  Key.o [1]
  .rodata              const    0x0000a380    0x10  Key.o [1]
  .rodata              const    0x0000a390    0x10  Key.o [1]
  .text                ro code  0x0000a3a0     0xc  cstartup_M.o [5]
  .rodata              const    0x0000a3ac     0x8  Key.o [1]
  .rodata              const    0x0000a3b4     0x8  Key.o [1]
  .rodata              const    0x0000a3bc     0x8  Key.o [1]
  .rodata              const    0x0000a3c4     0x8  Key.o [1]
  .rodata              const    0x0000a3cc     0x8  Key.o [1]
  .rodata              const    0x0000a3d4     0x8  Key.o [1]
  .rodata              const    0x0000a3dc     0x8  Key.o [1]
  .rodata              const    0x0000a3e4     0x8  Key.o [1]
  .rodata              const    0x0000a3ec     0x8  Key.o [1]
  .rodata              const    0x0000a3f4     0x8  Key.o [1]
  .rodata              const    0x0000a3fc     0x0  zero_init3.o [5]
  Initializer bytes    const    0x0000a3fc    0x88  <for P2 s0>
                              - 0x0000a484  0xa06c

"P2":                                       0x25d8
  .data                         0x1fff0410   0x854  <Block>
    .data-1                     0x1fff0410   0x854  <Init block>
      .data            inited   0x1fff0410     0x4  Car_Control.o [1]
      .data            inited   0x1fff0414     0x4  Car_Control.o [1]
      .data            inited   0x1fff0418     0x4  Car_Control.o [1]
      .data            inited   0x1fff041c     0x4  Car_Control.o [1]
      .data            inited   0x1fff0420     0x4  Car_Control.o [1]
      .data            inited   0x1fff0424     0x4  Car_Control.o [1]
      .data            inited   0x1fff0428     0x4  Car_Control.o [1]
      .data            inited   0x1fff042c     0x4  Car_Control.o [1]
      .data            inited   0x1fff0430     0x4  Car_Control.o [1]
      .data            inited   0x1fff0434     0x4  Car_Control.o [1]
      .data            inited   0x1fff0438     0x4  Car_Control.o [1]
      .data            inited   0x1fff043c     0x2  Car_Control.o [1]
      .data            inited   0x1fff043e     0x2  Car_Control.o [1]
      .data            inited   0x1fff0440     0x4  Car_Control.o [1]
      .data            inited   0x1fff0444     0x4  Car_Control.o [1]
      .data            inited   0x1fff0448     0x4  Car_Control.o [1]
      .data            inited   0x1fff044c     0x2  get_midline.o [1]
      .data            inited   0x1fff0450     0x4  Key.o [1]
      .data            inited   0x1fff0454     0x1  Key.o [1]
      .data            inited   0x1fff0455     0x1  Key.o [1]
      .data            inited   0x1fff0456     0x1  main.o [1]
      .data            inited   0x1fff0458   0x708  MK60_conf.o [1]
      .data            inited   0x1fff0b60    0x10  MK60_ftm.o [1]
      .data            inited   0x1fff0b70    0x14  MK60_gpio.o [1]
      .data            inited   0x1fff0b84     0x8  MK60_i2c.o [1]
      .data            inited   0x1fff0b8c    0x58  MK60_mcg.o [1]
      .data            inited   0x1fff0be4     0x4  MK60_mcg.o [1]
      .data            inited   0x1fff0be8    0x14  MK60_port.o [1]
      .data            inited   0x1fff0bfc    0x18  MK60_uart.o [1]
      .data            inited   0x1fff0c14     0x8  VCAN_key.o [1]
      .data            inited   0x1fff0c1c     0x4  VCAN_LED.o [1]
      .data            inited   0x1fff0c20     0x1  VCAN_OV7725_Eagle.o [1]
      .data            inited   0x1fff0c24    0x40  xfiles.o [3]
  CodeRelocateRam               0x1fff0c64   0x1f0  <Block>
    CodeRelocateRam-1           0x1fff0c64   0x1f0  <Init block>
      Veneer           inited   0x1fff0c64     0x8  - Linker created -
      Veneer           inited   0x1fff0c6c     0x8  - Linker created -
      .textrw          inited   0x1fff0c74   0x190  MK60_flash.o [1]
      .textrw          inited   0x1fff0e04    0x50  MK60_mcg.o [1]
  .bss                          0x1fff0e58  0x1b0c  <Block>
    .bss               zero     0x1fff0e58     0x8  Car_Control.o [1]
    .bss               zero     0x1fff0e60     0x8  Car_Control.o [1]
    .bss               zero     0x1fff0e68     0x8  Car_Control.o [1]
    .bss               zero     0x1fff0e70     0x4  Car_Control.o [1]
    .bss               zero     0x1fff0e74     0x4  Car_Control.o [1]
    .bss               zero     0x1fff0e78     0x4  Car_Control.o [1]
    .bss               zero     0x1fff0e7c     0x4  Car_Control.o [1]
    .bss               zero     0x1fff0e80     0x4  Car_Control.o [1]
    .bss               zero     0x1fff0e84     0x4  Car_Control.o [1]
    .bss               zero     0x1fff0e88     0x4  Car_Control.o [1]
    .bss               zero     0x1fff0e8c     0x4  Car_Control.o [1]
    .bss               zero     0x1fff0e90     0x4  Car_Control.o [1]
    .bss               zero     0x1fff0e94     0x4  Car_Control.o [1]
    .bss               zero     0x1fff0e98     0x4  Car_Control.o [1]
    .bss               zero     0x1fff0e9c     0x4  Car_Control.o [1]
    .bss               zero     0x1fff0ea0     0x4  Car_Control.o [1]
    .bss               zero     0x1fff0ea4     0x4  Car_Control.o [1]
    .bss               zero     0x1fff0ea8     0x4  Car_Control.o [1]
    .bss               zero     0x1fff0eac     0x4  Car_Control.o [1]
    .bss               zero     0x1fff0eb0     0x4  Car_Control.o [1]
    .bss               zero     0x1fff0eb4     0x4  Car_Control.o [1]
    .bss               zero     0x1fff0eb8     0x4  Car_Control.o [1]
    .bss               zero     0x1fff0ebc     0x4  Car_Control.o [1]
    .bss               zero     0x1fff0ec0     0x4  Car_Control.o [1]
    .bss               zero     0x1fff0ec4     0x4  Car_Control.o [1]
    .bss               zero     0x1fff0ec8     0x4  Car_Control.o [1]
    .bss               zero     0x1fff0ecc     0x4  Car_Control.o [1]
    .bss               zero     0x1fff0ed0     0x4  Car_Control.o [1]
    .bss               zero     0x1fff0ed4     0x4  Car_Control.o [1]
    .bss               zero     0x1fff0ed8     0x4  Car_Control.o [1]
    .bss               zero     0x1fff0edc     0x4  Car_Control.o [1]
    .bss               zero     0x1fff0ee0     0x4  Car_Control.o [1]
    .bss               zero     0x1fff0ee4     0x4  Car_Control.o [1]
    .bss               zero     0x1fff0ee8     0x4  Car_Control.o [1]
    .bss               zero     0x1fff0eec     0x4  Car_Control.o [1]
    .bss               zero     0x1fff0ef0     0x4  Car_Control.o [1]
    .bss               zero     0x1fff0ef4     0x4  Car_Control.o [1]
    .bss               zero     0x1fff0ef8     0x4  Car_Control.o [1]
    .bss               zero     0x1fff0efc     0x4  Car_Control.o [1]
    .bss               zero     0x1fff0f00     0x4  Car_Control.o [1]
    .bss               zero     0x1fff0f04     0x4  Car_Control.o [1]
    .bss               zero     0x1fff0f08     0x4  Car_Control.o [1]
    .bss               zero     0x1fff0f0c     0x4  Car_Control.o [1]
    .bss               zero     0x1fff0f10     0x4  Car_Control.o [1]
    .bss               zero     0x1fff0f14     0x4  Car_Control.o [1]
    .bss               zero     0x1fff0f18     0x4  Car_Control.o [1]
    .bss               zero     0x1fff0f1c     0x4  Car_Control.o [1]
    .bss               zero     0x1fff0f20     0x4  Car_Control.o [1]
    .bss               zero     0x1fff0f24     0x4  Car_Control.o [1]
    .bss               zero     0x1fff0f28     0x4  Car_Control.o [1]
    .bss               zero     0x1fff0f2c     0x4  Car_Control.o [1]
    .bss               zero     0x1fff0f30     0x4  Car_Control.o [1]
    .bss               zero     0x1fff0f34     0x4  Car_Control.o [1]
    .bss               zero     0x1fff0f38     0x4  Car_Control.o [1]
    .bss               zero     0x1fff0f3c     0x4  Car_Control.o [1]
    .bss               zero     0x1fff0f40     0x4  Car_Control.o [1]
    .bss               zero     0x1fff0f44     0x4  get_midline.o [1]
    .bss               zero     0x1fff0f48     0x4  get_midline.o [1]
    .bss               zero     0x1fff0f4c    0x78  get_midline.o [1]
    .bss               zero     0x1fff0fc4    0x78  get_midline.o [1]
    .bss               zero     0x1fff103c    0x78  get_midline.o [1]
    .bss               zero     0x1fff10b4    0x78  get_midline.o [1]
    .bss               zero     0x1fff112c    0xf0  get_midline.o [1]
    .bss               zero     0x1fff121c     0x4  get_midline.o [1]
    .bss               zero     0x1fff1220    0xf0  get_midline.o [1]
    .bss               zero     0x1fff1310     0x4  get_midline.o [1]
    .bss               zero     0x1fff1314     0x4  get_midline.o [1]
    .bss               zero     0x1fff1318     0x4  get_midline.o [1]
    .bss               zero     0x1fff131c     0x4  get_midline.o [1]
    .bss               zero     0x1fff1320     0x4  get_midline.o [1]
    .bss               zero     0x1fff1324     0x4  get_midline.o [1]
    .bss               zero     0x1fff1328     0x4  get_midline.o [1]
    .bss               zero     0x1fff132c     0x4  Key.o [1]
    .bss               zero     0x1fff1330   0x258  main.o [1]
    .bss               zero     0x1fff1588  0x12c0  main.o [1]
    .bss               zero     0x1fff2848     0x4  main.o [1]
    .bss               zero     0x1fff284c     0x4  main.o [1]
    .bss               zero     0x1fff2850     0x4  main.o [1]
    .bss               zero     0x1fff2854     0x4  main.o [1]
    .bss               zero     0x1fff2858     0x4  main.o [1]
    .bss               zero     0x1fff285c     0x8  main.o [1]
    .bss               zero     0x1fff2864     0x8  main.o [1]
    .bss               zero     0x1fff286c     0x4  main.o [1]
    .bss               zero     0x1fff2870     0x4  main.o [1]
    .bss               zero     0x1fff2874    0x10  MK60_ftm.o [1]
    .bss               zero     0x1fff2884     0x4  system_MK60DZ10.o [1]
    .bss               zero     0x1fff2888     0x4  system_MK60DZ10.o [1]
    .bss               zero     0x1fff288c     0x4  system_MK60DZ10.o [1]
    .bss               zero     0x1fff2890     0x4  VCAN_OV7725_Eagle.o [1]
    .bss               zero     0x1fff2894    0x50  xfiles.o [3]
    .bss               zero     0x1fff28e4     0x2  Car_Control.o [1]
    .bss               zero     0x1fff28e6     0x2  Car_Control.o [1]
    .bss               zero     0x1fff28e8     0x2  Car_Control.o [1]
    .bss               zero     0x1fff28ea     0x2  Car_Control.o [1]
    .bss               zero     0x1fff28ec     0x2  Car_Control.o [1]
    .bss               zero     0x1fff28ee     0x2  Car_Control.o [1]
    .bss               zero     0x1fff28f0     0x2  Car_Control.o [1]
    .bss               zero     0x1fff28f2     0x2  Car_Control.o [1]
    .bss               zero     0x1fff28f4     0x2  Car_Control.o [1]
    .bss               zero     0x1fff28f6     0x2  Car_Control.o [1]
    .bss               zero     0x1fff28f8     0x2  Car_Control.o [1]
    .bss               zero     0x1fff28fa     0x2  Car_Control.o [1]
    .bss               zero     0x1fff28fc     0x2  Car_Control.o [1]
    .bss               zero     0x1fff28fe     0x2  Car_Control.o [1]
    .bss               zero     0x1fff2900     0x2  get_midline.o [1]
    .bss               zero     0x1fff2902     0x2  get_midline.o [1]
    .bss               zero     0x1fff2904     0x2  get_midline.o [1]
    .bss               zero     0x1fff2906     0x2  get_midline.o [1]
    .bss               zero     0x1fff2908     0x2  get_midline.o [1]
    .bss               zero     0x1fff290a     0x2  get_midline.o [1]
    .bss               zero     0x1fff290c     0x2  get_midline.o [1]
    .bss               zero     0x1fff290e     0x2  get_midline.o [1]
    .bss               zero     0x1fff2910     0x2  get_midline.o [1]
    .bss               zero     0x1fff2912     0x2  get_midline.o [1]
    .bss               zero     0x1fff2914     0x2  get_midline.o [1]
    .bss               zero     0x1fff2916     0x2  get_midline.o [1]
    .bss               zero     0x1fff2918     0x2  get_midline.o [1]
    .bss               zero     0x1fff291a     0x2  get_midline.o [1]
    .bss               zero     0x1fff291c     0x2  get_midline.o [1]
    .bss               zero     0x1fff291e     0x2  get_midline.o [1]
    .bss               zero     0x1fff2920     0x2  get_midline.o [1]
    .bss               zero     0x1fff2922     0x2  get_midline.o [1]
    .bss               zero     0x1fff2924     0x2  get_midline.o [1]
    .bss               zero     0x1fff2926     0x2  get_midline.o [1]
    .bss               zero     0x1fff2928     0x2  get_midline.o [1]
    .bss               zero     0x1fff292a     0x2  get_midline.o [1]
    .bss               zero     0x1fff292c     0x2  get_midline.o [1]
    .bss               zero     0x1fff292e     0x2  get_midline.o [1]
    .bss               zero     0x1fff2930     0x2  get_midline.o [1]
    .bss               zero     0x1fff2932     0x2  get_midline.o [1]
    .bss               zero     0x1fff2934     0x2  get_midline.o [1]
    .bss               zero     0x1fff2936     0x2  get_midline.o [1]
    .bss               zero     0x1fff2938     0x2  get_midline.o [1]
    .bss               zero     0x1fff293a     0x2  get_midline.o [1]
    .bss               zero     0x1fff293c     0x2  get_midline.o [1]
    .bss               zero     0x1fff293e     0x2  get_midline.o [1]
    .bss               zero     0x1fff2940     0x2  get_midline.o [1]
    .bss               zero     0x1fff2942     0x2  get_midline.o [1]
    .bss               zero     0x1fff2944     0x2  get_midline.o [1]
    .bss               zero     0x1fff2946     0x2  get_midline.o [1]
    .bss               zero     0x1fff2948     0x2  get_midline.o [1]
    .bss               zero     0x1fff294a     0x2  get_midline.o [1]
    .bss               zero     0x1fff294c     0x2  get_midline.o [1]
    .bss               zero     0x1fff294e     0x2  get_midline.o [1]
    .bss               zero     0x1fff2950     0x2  get_midline.o [1]
    .bss               zero     0x1fff2952     0x2  get_midline.o [1]
    .bss               zero     0x1fff2954     0x2  Key.o [1]
    .bss               zero     0x1fff2956     0x2  main.o [1]
    .bss               zero     0x1fff2958     0x2  main.o [1]
    .bss               zero     0x1fff295a     0x1  get_midline.o [1]
    .bss               zero     0x1fff295b     0x1  Key.o [1]
    .bss               zero     0x1fff295c     0x1  Key.o [1]
    .bss               zero     0x1fff295d     0x1  Key.o [1]
    .bss               zero     0x1fff295e     0x1  Key.o [1]
    .bss               zero     0x1fff295f     0x1  main.o [1]
  P2 s0                         0x1fff2960    0x88  <Init block>
    __DLIB_PERTHREAD   inited   0x1fff2960    0x88  localeconv.o [3]
                              - 0x1fff29e8  0x25d8


*******************************************************************************
*** INIT TABLE
***

          Address     Size
          -------     ----
Zero (__iar_zero_init3)
    1 destination range, total size 0x1b08:
          0x1fff0e58  0x1b08



*******************************************************************************
*** MODULE SUMMARY
***

    Module                 ro code  rw code  ro data  rw data
    ------                 -------  -------  -------  -------
F:\斯达迪\freescale\【验证及调试】\“暗涌一号”\LITTLE_FOOL\Prj\IAR\FN15_Debug\Obj: [1]
    8700_2100.o                176
    Car_Control.o            3 632                60      324
    Key.o                    7 068               328       16
    MK60_PIT.o                 124                80
    MK60_SysTick.o             100                84
    MK60_conf.o                320             1 949    1 800
    MK60_flash.o                        400      484
    MK60_ftm.o               1 516                96       32
    MK60_gpio.o                420               104       20
    MK60_i2c.o                 948               216        8
    MK60_mcg.o                 980       80      172       92
    MK60_port.o                176                20       20
    MK60_uart.o                584               108       24
    MK60_wdog.o                 64
    VCAN_LCD.o               1 940               860
    VCAN_LED.o                 112                 4        4
    VCAN_OV7725_Eagle.o        212                 1        5
    VCAN_camera.o              148                 2
    VCAN_key.o                 156                 8        8
    get_midline.o            9 764               482    1 087
    main.o                     804                 1    5 450
    misc.o                      80                76
    startup_MK60DZ10.o           8
    system_MK60DZ10.o          304                         12
    vectors.o                                  1 040
    ---------------------------------------------------------
    Total:                  29 636      480    6 175    8 902

command line: [2]
    ---------------------------------------------------------
    Total:

dl7M_tlf.a: [3]
    abs.o                        8
    div.o                       14
    exit.o                       4
    localeconv.o               108               136      136
    low_level_init.o             4
    printf.o                    36
    putchar.o                   12
    xfiles.o                                      67      144
    xprintflarge_nomb.o      3 054
    xprout.o                    22
    xtls.o                       2
    ---------------------------------------------------------
    Total:                   3 264               203      280

m7M_tls.a: [4]
    DblAdd.o                   232
    DblCmpGe.o                  46
    DblCmpLe.o                  46
    DblDiv.o                   582
    DblMul.o                   418
    DblSub.o                   384
    DblToFlt.o                 144
    DblToI32.o                  44
    FltToDbl.o                  78
    I32ToDbl.o                  28
    fpinit_M.o                  34
    xdnorm.o                    66
    ---------------------------------------------------------
    Total:                   2 102

rt7M_tl.a: [5]
    ABImemcpy_unaligned.o      118
    I64DivMod.o                238
    I64DivZer.o                  2
    XXexit.o                    12
    cexit.o                     10
    cmain.o                     26
    cstartup_M.o                12
    data_init.o                 40
    memchr.o                    88
    strchr.o                    22
    strlen.o                    54
    zero_init3.o                34
    ---------------------------------------------------------
    Total:                     656

    Gaps                        22                 2        6
    Linker created              24       16       32
-------------------------------------------------------------
    Grand Total:            35 704      496    6 412    9 188


*******************************************************************************
*** ENTRY LIST
***

Entry                      Address    Size  Type      Object
-----                      -------    ----  ----      ------
.bss$$Base              0x1fff0e58           --   Gb  - Linker created -
.bss$$Limit             0x1fff2960           --   Gb  - Linker created -
.data$$Base             0x1fff0410           --   Gb  - Linker created -
.data$$Limit            0x1fff0c64           --   Gb  - Linker created -
.data_init$$Base        0x00008134           --   Gb  - Linker created -
.data_init$$Limit       0x00008988           --   Gb  - Linker created -
.iar.init_table$$Base   0x0000a1f0           --   Gb  - Linker created -
.iar.init_table$$Limit  0x0000a200           --   Gb  - Linker created -
?main                   0x0000a23d          Code  Gb  cmain.o [5]
ASSERT_FAILED_STR       0x0000a1a8    0x24  Data  Gb  MK60_conf.o [1]
Acc_Z                   0x1fff2958     0x2  Data  Gb  main.o [1]
All_Start               0x00005ec1    0x12  Code  Gb  Car_Control.o [1]
Angle_All_Control       0x0000579d    0x44  Code  Gb  Car_Control.o [1]
Angle_Car_Now           0x1fff0ec4     0x4  Data  Gb  Car_Control.o [1]
Angle_Error             0x1fff0ea0     0x4  Data  Gb  Car_Control.o [1]
Angle_In_Loop_Control   0x000055d9   0x1ba  Code  Gb  Car_Control.o [1]
Angle_Out_Loop_Control  0x000054b5   0x122  Code  Gb  Car_Control.o [1]
Angle_Speed_Error       0x1fff0ea4     0x4  Data  Gb  Car_Control.o [1]
Angle_Speed_Error_Error
                        0x1fff0eb0     0x4  Data  Gb  Car_Control.o [1]
Angle_Speed_Error_Last  0x1fff0eb4     0x4  Data  Gb  Car_Control.o [1]
Angle_Speed_Expect      0x1fff0ea8     0x4  Data  Gb  Car_Control.o [1]
Angle_Speed_Index       0x1fff043e     0x2  Data  Gb  Car_Control.o [1]
Angle_Speed_Integral    0x1fff0eac     0x4  Data  Gb  Car_Control.o [1]
Angle_Speed_Integral_Start_Mark
                        0x1fff28ea     0x2  Data  Gb  Car_Control.o [1]
Angle_Speed_Integral_Start_Time
                        0x1fff28e8     0x2  Data  Gb  Car_Control.o [1]
Angle_Standard          0x1fff0440     0x4  Data  Gb  Car_Control.o [1]
Balance_Filter          0x00005389    0xbe  Code  Gb  Car_Control.o [1]
CodeRelocate$$Base      0x000097e0           --   Gb  - Linker created -
CodeRelocate$$Limit     0x000099d0           --   Gb  - Linker created -
CodeRelocateRam$$Base   0x1fff0c64           --   Gb  - Linker created -
CodeRelocateRam$$Limit  0x1fff0e54           --   Gb  - Linker created -
Cross_Road_Connect_Flag
                        0x1fff295a     0x1  Data  Gb  get_midline.o [1]
DL_Cross_Road_Flag      0x1fff293c     0x2  Data  Gb  get_midline.o [1]
DR_Cross_Road_Flag      0x1fff293e     0x2  Data  Gb  get_midline.o [1]
D_Angle                 0x1fff0420     0x4  Data  Gb  Car_Control.o [1]
D_Angle_Speed           0x1fff0414     0x4  Data  Gb  Car_Control.o [1]
D_Direction_Control     0x1fff0438     0x4  Data  Gb  Car_Control.o [1]
Depart                  0x1fff295f     0x1  Data  Gb  main.o [1]
Dir_Count               0x1fff28f8     0x2  Data  Gb  Car_Control.o [1]
Dir_Loop_Control        0x00005ad7    0x2c  Code  Gb  Car_Control.o [1]
Dir_Loop_Output         0x00005b19    0xf2  Code  Gb  Car_Control.o [1]
Dir_Output_Count        0x1fff28fa     0x2  Data  Gb  Car_Control.o [1]
Direction_Control_Max   0x1fff0444     0x4  Data  Gb  Car_Control.o [1]
Direction_Control_Min   0x1fff0448     0x4  Data  Gb  Car_Control.o [1]
Direction_Control_Out   0x1fff0e8c     0x4  Data  Gb  Car_Control.o [1]
Direction_Detal_Caculate
                        0x000028c1   0x12c  Code  Gb  get_midline.o [1]
DisplayFloat            0x00004e51   0x1b2  Code  Gb  VCAN_LCD.o [1]
Duoji_Duty              0x1fff2848     0x4  Data  Gb  main.o [1]
Error                   0x1fff10b4    0x78  Data  Gb  get_midline.o [1]
F14x16                  0x00009b40   0x118  Data  Gb  VCAN_LCD.o [1]
F14x16_Idx              0x0000a220    0x1c  Data  Gb  VCAN_LCD.o [1]
F6x8                    0x000095b8   0x228  Data  Gb  VCAN_LCD.o [1]
FTMN                    0x1fff0b60    0x10  Data  Gb  MK60_ftm.o [1]
FTM_port_mux            0x00006875   0x1ac  Code  Lc  MK60_ftm.o [1]
Finish_Check            0x00005f25   0x168  Code  Gb  Car_Control.o [1]
Finish_Check_Count      0x1fff28f0     0x2  Data  Gb  Car_Control.o [1]
GPIOX                   0x1fff0b70    0x14  Data  Gb  MK60_gpio.o [1]
Get_Middle_Line         0x00000419  0x1832  Code  Gb  get_midline.o [1]
Get_Picture_Count       0x1fff28fe     0x2  Data  Gb  Car_Control.o [1]
Get_Speed               0x00005451    0x62  Code  Gb  Car_Control.o [1]
Gravity_Angle_Error     0x1fff0e90     0x4  Data  Gb  Car_Control.o [1]
Gravity_Angle_I         0x1fff0e9c     0x4  Data  Gb  Car_Control.o [1]
Gravity_Angle_Index     0x1fff043c     0x2  Data  Gb  Car_Control.o [1]
Gravity_Angle_Integral  0x1fff0e94     0x4  Data  Gb  Car_Control.o [1]
Gravity_Angle_Integral_Start_Mark
                        0x1fff28e6     0x2  Data  Gb  Car_Control.o [1]
Gravity_Angle_Integral_Start_Time
                        0x1fff28e4     0x2  Data  Gb  Car_Control.o [1]
Gyro_Z                  0x1fff2956     0x2  Data  Gb  main.o [1]
I2CN                    0x1fff0b84     0x8  Data  Gb  MK60_i2c.o [1]
IIC_Read                0x000094c5    0x78  Code  Gb  8700_2100.o [1]
I_Angle                 0x1fff041c     0x4  Data  Gb  Car_Control.o [1]
I_Angle_Speed           0x1fff0e70     0x4  Data  Gb  Car_Control.o [1]
Img_Printf_OLED         0x00004b1d   0x124  Code  Gb  VCAN_LCD.o [1]
Init2100                0x0000948d    0x24  Code  Gb  8700_2100.o [1]
Init8700                0x000094b1    0x14  Code  Gb  8700_2100.o [1]
Jump_Change_Point_Count
                        0x1fff28f2     0x2  Data  Gb  Car_Control.o [1]
KEY_PTxn                0x1fff0c14     0x8  Data  Gb  VCAN_key.o [1]
Key_Init                0x00002ad5    0x7c  Code  Gb  Key.o [1]
LCD_CLS                 0x0000499b    0x3c  Code  Gb  VCAN_LCD.o [1]
LCD_DLY_ms              0x00004a05    0x18  Code  Gb  VCAN_LCD.o [1]
LCD_Fill                0x0000495b    0x40  Code  Gb  VCAN_LCD.o [1]
LCD_Init                0x00004a1d   0x100  Code  Gb  VCAN_LCD.o [1]
LCD_P14x16Str           0x00004cbd   0x12a  Code  Gb  VCAN_LCD.o [1]
LCD_P6x8Str             0x00004c41    0x7c  Code  Gb  VCAN_LCD.o [1]
LCD_Print               0x00004de7    0x6a  Code  Gb  VCAN_LCD.o [1]
LCD_Set_Pos             0x000049d7    0x2e  Code  Gb  VCAN_LCD.o [1]
LCD_WrCmd               0x00004911    0x4a  Code  Gb  VCAN_LCD.o [1]
LCD_WrDat               0x000048c5    0x4a  Code  Gb  VCAN_LCD.o [1]
LDI                     0x1fff2918     0x2  Data  Gb  get_midline.o [1]
LDJ                     0x1fff291a     0x2  Data  Gb  get_midline.o [1]
LD_Flag                 0x1fff2940     0x2  Data  Gb  get_midline.o [1]
LED_PTxn                0x1fff0c1c     0x4  Data  Gb  VCAN_LED.o [1]
LUI                     0x1fff291c     0x2  Data  Gb  get_midline.o [1]
LUJ                     0x1fff291e     0x2  Data  Gb  get_midline.o [1]
Left_Black              0x1fff112c    0xf0  Data  Gb  get_midline.o [1]
Left_Black_B            0x1fff1318     0x4  Data  Gb  get_midline.o [1]
Left_Black_K            0x1fff1314     0x4  Data  Gb  get_midline.o [1]
Left_Black_Lose         0x1fff2900     0x2  Data  Gb  get_midline.o [1]
Left_Black_Old          0x1fff121c     0x4  Data  Gb  get_midline.o [1]
Left_Black_fiveteen_lose
                        0x1fff2912     0x2  Data  Gb  get_midline.o [1]
Left_Black_fourtyfive_lose
                        0x1fff290a     0x2  Data  Gb  get_midline.o [1]
Left_Black_sixty_lose   0x1fff2906     0x2  Data  Gb  get_midline.o [1]
Left_Black_thrity_lose  0x1fff290e     0x2  Data  Gb  get_midline.o [1]
Left_Black_zero_lose    0x1fff2916     0x2  Data  Gb  get_midline.o [1]
Left_Excess             0x1fff0f4c    0x78  Data  Gb  get_midline.o [1]
Left_Many_Lose          0x1fff2944     0x2  Data  Gb  get_midline.o [1]
Left_Motor              0x1fff0f24     0x4  Data  Gb  Car_Control.o [1]
LoadInt                 0x0000781f    0x6e  Code  Lc  xprintflarge_nomb.o [3]
Mada_Duty               0x1fff284c     0x4  Data  Gb  main.o [1]
Mid_Line                0x1fff103c    0x78  Data  Gb  get_midline.o [1]
MotorOutput             0x00005c1d   0x118  Code  Gb  Car_Control.o [1]
Motor_Left_Out          0x1fff0f3c     0x4  Data  Gb  Car_Control.o [1]
Motor_Right_Out         0x1fff0f40     0x4  Data  Gb  Car_Control.o [1]
NVIC_DisableIRQ         0x0000912d    0x14  Code  Lc  main.o [1]
NVIC_DisableIRQ         0x00005235    0x14  Code  Lc  VCAN_OV7725_Eagle.o [1]
NVIC_EnableIRQ          0x00009119    0x14  Code  Lc  main.o [1]
NVIC_EnableIRQ          0x00005221    0x14  Code  Lc  VCAN_OV7725_Eagle.o [1]
NVIC_SetPriority        0x00009141    0x26  Code  Lc  main.o [1]
NVIC_SystemReset        0x000061c9    0x1a  Code  Lc  MK60_conf.o [1]
OLED_Angle_ID           0x00003745   0x10c  Code  Gb  Key.o [1]
OLED_Angle_ID_SHOW      0x00003101    0xc2  Code  Gb  Key.o [1]
OLED_Angle_II           0x00003621   0x10c  Code  Gb  Key.o [1]
OLED_Angle_II_SHOW      0x0000303f    0xc2  Code  Gb  Key.o [1]
OLED_Angle_IO_PID       0x00003409   0x10c  Code  Gb  Key.o [1]
OLED_Angle_IP           0x00003515   0x10c  Code  Gb  Key.o [1]
OLED_Angle_IP_SHOW      0x00002f7d    0xc2  Code  Gb  Key.o [1]
OLED_Angle_OD           0x00003aa5   0x10c  Code  Gb  Key.o [1]
OLED_Angle_OD_SHOW      0x00003347    0xc2  Code  Gb  Key.o [1]
OLED_Angle_OI           0x0000397d   0x10c  Code  Gb  Key.o [1]
OLED_Angle_OI_SHOW      0x00003285    0xc2  Code  Gb  Key.o [1]
OLED_Angle_OP           0x00003859   0x10c  Code  Gb  Key.o [1]
OLED_Angle_OP_SHOW      0x000031c3    0xc2  Code  Gb  Key.o [1]
OLED_Angle_SHOW         0x00002f29    0x54  Code  Gb  Key.o [1]
OLED_Direction_D        0x00004559    0x54  Code  Gb  Key.o [1]
OLED_Direction_D_SHOW   0x0000440d    0x98  Code  Gb  Key.o [1]
OLED_Direction_P        0x00004501    0x54  Code  Gb  Key.o [1]
OLED_Direction_PID      0x000044a5    0x54  Code  Gb  Key.o [1]
OLED_Direction_P_SHOW   0x0000432d    0xd0  Code  Gb  Key.o [1]
OLED_Direction_SHOW     0x000042e5    0x48  Code  Gb  Key.o [1]
OLED_IMA_SHOW           0x000045ad    0x50  Code  Gb  Key.o [1]
OLED_Speed_D            0x0000417d    0xae  Code  Gb  Key.o [1]
OLED_Speed_D_SHOW       0x00003da9    0xc2  Code  Gb  Key.o [1]
OLED_Speed_I            0x000040b9    0xae  Code  Gb  Key.o [1]
OLED_Speed_I_SHOW       0x00003cdd    0xc2  Code  Gb  Key.o [1]
OLED_Speed_P            0x00004005    0xae  Code  Gb  Key.o [1]
OLED_Speed_PID          0x00003f3d    0xac  Code  Gb  Key.o [1]
OLED_Speed_P_SHOW       0x00003c11    0xc2  Code  Gb  Key.o [1]
OLED_Speed_SHOW         0x00003bb1    0x54  Code  Gb  Key.o [1]
OLED_Speed_Set          0x00004231    0xae  Code  Gb  Key.o [1]
OLED_Speed_Set_SHOW     0x00003e71    0xb2  Code  Gb  Key.o [1]
O_Black_Flag            0x1fff2952     0x2  Data  Gb  get_midline.o [1]
O_Get_O_Flag            0x1fff294c     0x2  Data  Gb  get_midline.o [1]
O_LDI                   0x1fff2928     0x2  Data  Gb  get_midline.o [1]
O_LDJ                   0x1fff292a     0x2  Data  Gb  get_midline.o [1]
O_Left_Line_B           0x1fff1328     0x4  Data  Gb  get_midline.o [1]
O_Left_Line_K           0x1fff1324     0x4  Data  Gb  get_midline.o [1]
O_Left_Point_Flag       0x1fff294e     0x2  Data  Gb  get_midline.o [1]
O_OI                    0x1fff2930     0x2  Data  Gb  get_midline.o [1]
O_OJ                    0x1fff2932     0x2  Data  Gb  get_midline.o [1]
O_O_Left_I              0x1fff2934     0x2  Data  Gb  get_midline.o [1]
O_O_Left_J              0x1fff2936     0x2  Data  Gb  get_midline.o [1]
O_O_Right_I             0x1fff2938     0x2  Data  Gb  get_midline.o [1]
O_O_Right_J             0x1fff293a     0x2  Data  Gb  get_midline.o [1]
O_O_Road                0x000022ad   0x5d4  Code  Gb  get_midline.o [1]
O_RDI                   0x1fff292c     0x2  Data  Gb  get_midline.o [1]
O_RDJ                   0x1fff292e     0x2  Data  Gb  get_midline.o [1]
O_Right_Point_Flag      0x1fff2950     0x2  Data  Gb  get_midline.o [1]
O_Road_Flag             0x1fff294a     0x2  Data  Gb  get_midline.o [1]
O_Road_Gothrough        0x1fff044c     0x2  Data  Gb  get_midline.o [1]
PIT0_IRQHandler         0x00009281   0x134  Code  Gb  main.o [1]
PORTA_IRQHandler        0x000093b5    0x2a  Code  Gb  main.o [1]
PORTX                   0x1fff0be8    0x14  Data  Gb  MK60_port.o [1]
P_Angle                 0x1fff0418     0x4  Data  Gb  Car_Control.o [1]
P_Angle_Speed           0x1fff0410     0x4  Data  Gb  Car_Control.o [1]
P_Direction_Control     0x1fff0430     0x4  Data  Gb  Car_Control.o [1]
P_Direction_Control_now
                        0x1fff0434     0x4  Data  Gb  Car_Control.o [1]
Pause                   0x00009105    0x14  Code  Gb  MK60_i2c.o [1]
Picture_detal           0x1fff2850     0x4  Data  Gb  main.o [1]
Picture_detal_All       0x1fff0f30     0x4  Data  Gb  Car_Control.o [1]
Picture_detal_Old       0x1fff2854     0x4  Data  Gb  main.o [1]
Picture_detal_detal     0x1fff2858     0x4  Data  Gb  main.o [1]
RDI                     0x1fff2920     0x2  Data  Gb  get_midline.o [1]
RDJ                     0x1fff2922     0x2  Data  Gb  get_midline.o [1]
RD_Flag                 0x1fff2942     0x2  Data  Gb  get_midline.o [1]
RUI                     0x1fff2924     0x2  Data  Gb  get_midline.o [1]
RUJ                     0x1fff2926     0x2  Data  Gb  get_midline.o [1]
Region$$Table$$Base     0x0000a1f0           --   Gb  - Linker created -
Region$$Table$$Limit    0x0000a200           --   Gb  - Linker created -
Reset_Handler           0x00000411          Code  Gb  startup_MK60DZ10.o [1]
Right_Black             0x1fff1220    0xf0  Data  Gb  get_midline.o [1]
Right_Black_B           0x1fff1320     0x4  Data  Gb  get_midline.o [1]
Right_Black_K           0x1fff131c     0x4  Data  Gb  get_midline.o [1]
Right_Black_Lose        0x1fff2902     0x2  Data  Gb  get_midline.o [1]
Right_Black_Old         0x1fff1310     0x4  Data  Gb  get_midline.o [1]
Right_Black_fiveteen_lose
                        0x1fff2910     0x2  Data  Gb  get_midline.o [1]
Right_Black_fourtyfive_lose
                        0x1fff2908     0x2  Data  Gb  get_midline.o [1]
Right_Black_sixty_lose  0x1fff2904     0x2  Data  Gb  get_midline.o [1]
Right_Black_thrity_lose
                        0x1fff290c     0x2  Data  Gb  get_midline.o [1]
Right_Black_zero_lose   0x1fff2914     0x2  Data  Gb  get_midline.o [1]
Right_Excess            0x1fff0fc4    0x78  Data  Gb  get_midline.o [1]
Right_Many_Lose         0x1fff2946     0x2  Data  Gb  get_midline.o [1]
Right_Motor             0x1fff0f28     0x4  Data  Gb  Car_Control.o [1]
SetMotorVoltage         0x00005d4d    0xdc  Code  Gb  Car_Control.o [1]
Slope_Left              0x00001c71   0x2dc  Code  Gb  get_midline.o [1]
Slope_Right             0x00001f59   0x316  Code  Gb  get_midline.o [1]
Speed_Left              0x1fff0ee4     0x4  Data  Gb  Car_Control.o [1]
Speed_Loop_Control      0x000057ed   0x2ea  Code  Gb  Car_Control.o [1]
Speed_Output_Count      0x1fff28f6     0x2  Data  Gb  Car_Control.o [1]
Speed_Right             0x1fff0ee8     0x4  Data  Gb  Car_Control.o [1]
Stand_Speed             0x1fff0e88     0x4  Data  Gb  Car_Control.o [1]
Stand_Speed_Out_Out     0x1fff0e98     0x4  Data  Gb  Car_Control.o [1]
Stand_Speed_Part_In     0x1fff0ec0     0x4  Data  Gb  Car_Control.o [1]
Stand_Speed_Part_In_Now
                        0x1fff0eb8     0x4  Data  Gb  Car_Control.o [1]
Stand_Speed_Part_In_Old
                        0x1fff0ebc     0x4  Data  Gb  Car_Control.o [1]
Start_Continue_Flag     0x1fff28ee     0x2  Data  Gb  Car_Control.o [1]
Stop_Car                0x1fff28f4     0x2  Data  Gb  Car_Control.o [1]
Stop_Check              0x00005e29    0x98  Code  Gb  Car_Control.o [1]
Stop_Check_Begin_Count  0x1fff28fc     0x2  Data  Gb  Car_Control.o [1]
Stright_Ten_Road_Flag   0x1fff2948     0x2  Data  Gb  get_midline.o [1]
Time_Count              0x1fff28ec     0x2  Data  Gb  Car_Control.o [1]
UARTN                   0x1fff0bfc    0x18  Data  Gb  MK60_uart.o [1]
_GenldLargeNoMb         0x00007c15   0x236  Code  Lc  xprintflarge_nomb.o [3]
_LdtobLargeNoMb         0x00007995   0x27a  Code  Lc  xprintflarge_nomb.o [3]
_LitobLargeNoMb         0x0000788d   0x106  Code  Lc  xprintflarge_nomb.o [3]
_Locale_aeabi_lconv     0x1fff29b0    0x38  Data  Gb  localeconv.o [3]
_Locale_lconv           0x1fff2960    0x50  Data  Gb  localeconv.o [3]
_PrintfLargeNoMb        0x000072a5   0x574  Code  Gb  xprintflarge_nomb.o [3]
_Prout                  0x0000a279    0x16  Code  Gb  xprout.o [3]
_PutcharsLargeNoMb      0x00007e4b    0x2e  Code  Lc  xprintflarge_nomb.o [3]
__BOOT_STACK_ADDRESS {Abs}
                        0x2000fff8           --   Gb  command line/config [2]
__VECTOR_RAM {Abs}      0x1fff0000           --   Gb  command line/config [2]
__VECTOR_TABLE {Abs}    0x00000000           --   Gb  command line/config [2]
__aeabi_cdcmple         0x00006e99          Code  Gb  DblCmpLe.o [4]
__aeabi_cdrcmple        0x00006e69          Code  Gb  DblCmpGe.o [4]
__aeabi_d2f             0x00005191          Code  Gb  DblToFlt.o [4]
__aeabi_d2uiz           0x0000806d          Code  Gb  DblToI32.o [4]
__aeabi_dadd            0x000050a9          Code  Gb  DblAdd.o [4]
__aeabi_ddiv            0x0000662d          Code  Gb  DblDiv.o [4]
__aeabi_dmul            0x00006489          Code  Gb  DblMul.o [4]
__aeabi_dsub            0x00006309          Code  Gb  DblSub.o [4]
__aeabi_f2d             0x00005059          Code  Gb  FltToDbl.o [4]
__aeabi_ldiv0           0x00008131          Code  Gb  I64DivZer.o [5]
__aeabi_ui2d            0x00008099          Code  Gb  I32ToDbl.o [4]
__aeabi_uldivmod        0x00007f3d          Code  Gb  I64DivMod.o [5]
__cmain                 0x0000a23d          Code  Gb  cmain.o [5]
__code_start__ {Abs}    0x00000410           --   Gb  command line/config [2]
__exit                  0x0000a26d          Code  Gb  XXexit.o [5]
__iar_Dnorm             0x0000802b    0x42  Code  Gb  xdnorm.o [4]
__iar_Locale_lconv_init
                        0x000080b5    0x3a  Code  Gb  localeconv.o [3]
__iar_Memchr            0x00007ee5          Code  Gb  memchr.o [5]
__iar_Stdout            0x1fff0c24    0x40  Data  Gb  xfiles.o [3]
__iar_Strchr            0x00007e95          Code  Gb  strchr.o [5]
__iar_d2uiz             0x00008079          Code  Gb  DblToI32.o [4]
__iar_dadd              0x000050bd          Code  Gb  DblAdd.o [4]
__iar_data_init3        0x0000a181    0x28  Code  Gb  data_init.o [5]
__iar_dlib_perthread_access
                        0x00008133     0x2  Code  Gb  xtls.o [3]
__iar_dsub              0x0000631d          Code  Gb  DblSub.o [4]
__iar_dsubStart         0x0000632f          Code  Gb  DblSub.o [4]
__iar_init_vfp          0x0000a1cd          Code  Gb  fpinit_M.o [4]
__iar_program_start     0x0000a3a1          Code  Gb  cstartup_M.o [5]
__iar_ui2d              0x0000809d          Code  Gb  I32ToDbl.o [4]
__iar_unaligned___aeabi_memcpy
                        0x00002a3d          Code  Gb  ABImemcpy_unaligned.o [5]
__iar_unaligned___aeabi_memcpy4
                        0x00002a5d          Code  Gb  ABImemcpy_unaligned.o [5]
__iar_unaligned___aeabi_memcpy8
                        0x00002a5d          Code  Gb  ABImemcpy_unaligned.o [5]
__iar_zero_init3        0x00002ab3    0x22  Code  Gb  zero_init3.o [5]
__low_level_init        0x0000a257     0x4  Code  Gb  low_level_init.o [3]
__vector_table          0x00000000   0x410  Data  Gb  vectors.o [1]
_call_main              0x0000a249          Code  Gb  cmain.o [5]
_exit                   0x0000a261          Code  Gb  cexit.o [5]
_main                   0x0000a253          Code  Gb  cmain.o [5]
abs                     0x00006e61     0x8  Code  Gb  abs.o [3]
assert_failed           0x000061e3    0x26  Code  Gb  MK60_conf.o [1]
bit16_data16            0x1fff2864     0x8  Data  Gb  main.o [1]
bit8_data               0x1fff285c     0x8  Data  Gb  main.o [1]
bus_clk_khz             0x1fff288c     0x4  Data  Gb  system_MK60DZ10.o [1]
common_startup          0x00009a2f    0x98  Code  Gb  system_MK60DZ10.o [1]
core_clk_khz            0x1fff2884     0x4  Data  Gb  system_MK60DZ10.o [1]
core_clk_mhz            0x1fff2888     0x4  Data  Gb  system_MK60DZ10.o [1]
default_isr             0x000062b7    0x30  Code  Gb  MK60_conf.o [1]
div                     0x00008121     0xe  Code  Gb  div.o [3]
exit                    0x0000a25b     0x4  Code  Gb  exit.o [3]
fDL                     0x1fff0ed4     0x4  Data  Gb  Car_Control.o [1]
fDR                     0x1fff0ed8     0x4  Data  Gb  Car_Control.o [1]
fGyroscopeAngleIntegral
                        0x1fff0e58     0x8  Data  Gb  Car_Control.o [1]
fIL                     0x1fff0edc     0x4  Data  Gb  Car_Control.o [1]
fIR                     0x1fff0ee0     0x4  Data  Gb  Car_Control.o [1]
fLeft                   0x1fff0e80     0x4  Data  Gb  Car_Control.o [1]
fLeftVal                0x1fff286c     0x4  Data  Gb  main.o [1]
fPL                     0x1fff0ecc     0x4  Data  Gb  Car_Control.o [1]
fPR                     0x1fff0ed0     0x4  Data  Gb  Car_Control.o [1]
fRight                  0x1fff0e84     0x4  Data  Gb  Car_Control.o [1]
fRightVal               0x1fff2870     0x4  Data  Gb  main.o [1]
flag                    0x1fff0454     0x1  Data  Gb  Key.o [1]
flash_cmd               0x1fff0c75    0x20  Code  Gb  MK60_flash.o [1]
flash_erase_sector      0x1fff0cb9    0x5c  Code  Gb  MK60_flash.o [1]
flash_init              0x1fff0c95    0x24  Code  Gb  MK60_flash.o [1]
flash_write             0x1fff0d15    0xb4  Code  Gb  MK60_flash.o [1]
fputc                   0x00006209    0x14  Code  Gb  MK60_conf.o [1]
ftm_mod                 0x1fff2874    0x10  Data  Lc  MK60_ftm.o [1]
ftm_pwm_duty            0x00006bd1   0x11a  Code  Gb  MK60_ftm.o [1]
ftm_pwm_init            0x00006a21   0x1b0  Code  Gb  MK60_ftm.o [1]
ftm_quad_clean          0x00006e1d    0x28  Code  Gb  MK60_ftm.o [1]
ftm_quad_get            0x00006df1    0x2c  Code  Gb  MK60_ftm.o [1]
ftm_quad_init           0x00006ceb   0x106  Code  Gb  MK60_ftm.o [1]
g_dLeftMotorPulseSigma  0x1fff0f34     0x4  Data  Gb  Car_Control.o [1]
g_dRightMotorPulseSigma
                        0x1fff0f38     0x4  Data  Gb  Car_Control.o [1]
g_fAngleControlOut      0x1fff0ec8     0x4  Data  Gb  Car_Control.o [1]
g_fCarSpeedSet          0x1fff042c     0x4  Data  Gb  Car_Control.o [1]
g_fCarSpeedSet_Max      0x1fff0e7c     0x4  Data  Gb  Car_Control.o [1]
g_fCarSpeedSet_Stand    0x1fff0e78     0x4  Data  Gb  Car_Control.o [1]
g_fDirectionControlOut  0x1fff0f2c     0x4  Data  Gb  Car_Control.o [1]
g_fGravityAngle         0x1fff0e68     0x8  Data  Gb  Car_Control.o [1]
g_fGyroscopeAngleSpeed  0x1fff0e60     0x8  Data  Gb  Car_Control.o [1]
g_fSpeedControlD        0x1fff0428     0x4  Data  Gb  Car_Control.o [1]
g_fSpeedControlDeltaL   0x1fff0f14     0x4  Data  Gb  Car_Control.o [1]
g_fSpeedControlDeltaR   0x1fff0f18     0x4  Data  Gb  Car_Control.o [1]
g_fSpeedControlI        0x1fff0e74     0x4  Data  Gb  Car_Control.o [1]
g_fSpeedControlIntegralL
                        0x1fff0efc     0x4  Data  Gb  Car_Control.o [1]
g_fSpeedControlIntegralR
                        0x1fff0f00     0x4  Data  Gb  Car_Control.o [1]
g_fSpeedControlOutL     0x1fff0f1c     0x4  Data  Gb  Car_Control.o [1]
g_fSpeedControlOutNewL  0x1fff0f08     0x4  Data  Gb  Car_Control.o [1]
g_fSpeedControlOutNewR  0x1fff0f10     0x4  Data  Gb  Car_Control.o [1]
g_fSpeedControlOutOldL  0x1fff0f04     0x4  Data  Gb  Car_Control.o [1]
g_fSpeedControlOutOldR  0x1fff0f0c     0x4  Data  Gb  Car_Control.o [1]
g_fSpeedControlOutR     0x1fff0f20     0x4  Data  Gb  Car_Control.o [1]
g_fSpeedControlP        0x1fff0424     0x4  Data  Gb  Car_Control.o [1]
g_fSpeedDeltaL          0x1fff0eec     0x4  Data  Gb  Car_Control.o [1]
g_fSpeedDeltaPreL       0x1fff0ef4     0x4  Data  Gb  Car_Control.o [1]
g_fSpeedDeltaPreR       0x1fff0ef8     0x4  Data  Gb  Car_Control.o [1]
g_fSpeedDeltaR          0x1fff0ef0     0x4  Data  Gb  Car_Control.o [1]
getkey                  0x00002b51    0x74  Code  Gb  Key.o [1]
gpio_get                0x000047cd    0x3e  Code  Gb  MK60_gpio.o [1]
gpio_init               0x00004671    0xae  Code  Gb  MK60_gpio.o [1]
gpio_set                0x0000471f    0x74  Code  Gb  MK60_gpio.o [1]
gpio_turn               0x00004793    0x3a  Code  Gb  MK60_gpio.o [1]
i                       0x1fff0f44     0x4  Data  Gb  get_midline.o [1]
i2c_delay               0x00008e8d    0x20  Code  Gb  MK60_i2c.o [1]
i2c_init                0x00008d65   0x126  Code  Gb  MK60_i2c.o [1]
i2c_read_reg            0x00008ead   0x16c  Code  Gb  MK60_i2c.o [1]
i2c_write_reg           0x00009019    0xd2  Code  Gb  MK60_i2c.o [1]
img                     0x1fff1588  0x12c0  Data  Gb  main.o [1]
img_extract             0x000052f5    0x94  Code  Gb  VCAN_camera.o [1]
imgbuff                 0x1fff1330   0x258  Data  Gb  main.o [1]
j                       0x1fff0f48     0x4  Data  Gb  get_midline.o [1]
key_check               0x00007275    0x2a  Code  Gb  VCAN_key.o [1]
key_get                 0x0000725b    0x1a  Code  Gb  VCAN_key.o [1]
key_init                0x00007209    0x52  Code  Gb  VCAN_key.o [1]
key_time_count          0x1fff0450     0x4  Data  Gb  Key.o [1]
keycount                0x1fff2954     0x2  Data  Gb  Key.o [1]
keycurrent              0x1fff295d     0x1  Data  Gb  Key.o [1]
keypress                0x1fff295c     0x1  Data  Gb  Key.o [1]
keyvalue                0x1fff295b     0x1  Data  Gb  Key.o [1]
keyzhuangtai            0x1fff0455     0x1  Data  Gb  Key.o [1]
led_init                0x00006f2d    0x3a  Code  Gb  VCAN_LED.o [1]
led_turn                0x00006f67    0x32  Code  Gb  VCAN_LED.o [1]
localeconv              0x000080ef    0x16  Code  Gb  localeconv.o [3]
main                    0x00009167   0x118  Code  Gb  main.o [1]
main_scan               0x00002c95   0x190  Code  Gb  Key.o [1]
mcg_cfg                 0x1fff0b8c    0x58  Data  Gb  MK60_mcg.o [1]
mcg_div                 0x1fff0be4     0x4  Data  Gb  MK60_mcg.o [1]
mcg_div_count           0x00008991   0x304  Code  Gb  MK60_mcg.o [1]
memchr                  0x00007ee5          Code  Gb  memchr.o [5]
obuf                    0x1fff2894    0x50  Data  Lc  xfiles.o [3]
ov7725_eagle_get_img    0x00005295    0x42  Code  Gb  VCAN_OV7725_Eagle.o [1]
ov7725_eagle_img_buff   0x1fff2890     0x4  Data  Gb  VCAN_OV7725_Eagle.o [1]
ov7725_eagle_img_flag   0x1fff0c20     0x1  Data  Gb  VCAN_OV7725_Eagle.o [1]
ov7725_eagle_vsync      0x00005249    0x4c  Code  Gb  VCAN_OV7725_Eagle.o [1]
pit_init                0x0000953d    0x6c  Code  Gb  MK60_PIT.o [1]
pll_init                0x00008c95    0xb2  Code  Gb  MK60_mcg.o [1]
port_init               0x00004815    0x44  Code  Gb  MK60_port.o [1]
port_init_NoALT         0x00004859    0x62  Code  Gb  MK60_port.o [1]
printf                  0x00006f9d    0x24  Code  Gb  printf.o [3]
putchar                 0x0000a291     0xc  Code  Gb  putchar.o [3]
qipao                   0x1fff0456     0x1  Data  Gb  main.o [1]
readkey                 0x00002bc5    0xd0  Code  Gb  Key.o [1]
set_sys_dividers        0x1fff0e05    0x50  Code  Gb  MK60_mcg.o [1]
set_vector_handler      0x0000945f    0x22  Code  Gb  misc.o [1]
start                   0x000099d1    0x22  Code  Gb  system_MK60DZ10.o [1]
start_check             0x0000621d    0x9a  Code  Gb  MK60_conf.o [1]
strchr                  0x00007e95          Code  Gb  strchr.o [5]
strlen                  0x00007ead          Code  Gb  strlen.o [5]
sysinit                 0x000099f3    0x3c  Code  Gb  system_MK60DZ10.o [1]
systick_delay           0x00006ec9    0x36  Code  Gb  MK60_SysTick.o [1]
systick_delay_ms        0x00006eff    0x18  Code  Gb  MK60_SysTick.o [1]
uart_init               0x00006fc1   0x214  Code  Gb  MK60_uart.o [1]
uart_putchar            0x000071d5    0x1a  Code  Gb  MK60_uart.o [1]
vector_str              0x1fff0458   0x708  Data  Gb  MK60_conf.o [1]
wdog_disable            0x00009b01    0x16  Code  Gb  MK60_wdog.o [1]
wdog_unlock             0x00009b17    0x20  Code  Lc  MK60_wdog.o [1]
windows                 0x00002e25    0x34  Code  Gb  Key.o [1]
windows1                0x00002e59    0x34  Code  Gb  Key.o [1]
windows2                0x00002e8d    0x34  Code  Gb  Key.o [1]
windows3                0x00002ec1    0x34  Code  Gb  Key.o [1]
windows4                0x00002ef5    0x34  Code  Gb  Key.o [1]
write_vtor              0x0000943d    0x22  Code  Gb  misc.o [1]


[1] = F:\斯达迪\freescale\【验证及调试】\“暗涌一号”\LITTLE_FOOL\Prj\IAR\FN15_Debug\Obj
[2] = command line
[3] = dl7M_tlf.a
[4] = m7M_tls.a
[5] = rt7M_tl.a

  35 704 bytes of readonly  code memory
     496 bytes of readwrite code memory
   6 412 bytes of readonly  data memory
   9 188 bytes of readwrite data memory

Errors: none
Warnings: none
